<html>
<body>
<pre>
<h1>礦ision Build Log</h1>
<h2>Tool Versions:</h2>
IDE-Version: μVision V5.14.0.0
Copyright (C) 2015 ARM Ltd and ARM Germany GmbH. All rights reserved.
License Information: a a, a, LIC=W9663-AL8N3-HQL0I-TS2F1-YHSEL-BL8CS
 
Tool Versions:
Toolchain:       MDK-ARM Professional  Version: 5.14.0.0
Toolchain Path:  D:\MDK5\ARM\ARMCC\Bin
C Compiler:      Armcc.exe V5.05 update 1 (build 106)
Assembler:       Armasm.exe V5.05 update 1 (build 106)
Linker/Locator:  ArmLink.exe V5.05 update 1 (build 106)
Library Manager: ArmAr.exe V5.05 update 1 (build 106)
Hex Converter:   FromElf.exe V5.05 update 1 (build 106)
CPU DLL:         SARMCM3.DLL V5.14.0.0
Dialog DLL:      DCM.DLL V1.13.1.0
Target DLL:      Segger\JL2CM3.dll V2.99.13.0
Dialog DLL:      TCM.DLL V1.14.4.0
 
<h2>Project:</h2>
E:\【重要】电子\电赛\电赛准备\硬石步进电机资料\步进电机控制程序\YSF1_MOTOR-005. 57步进电机速度调节\Project\MDKARM(uV5)\YS-F1PRO.uvprojx
Project File Date:  07/19/2019

<h2>Output:</h2>
Build target 'YS-F1PRO'
compiling main.c...
compiling bsp_key.c...
linking...
Program Size: Code=2380 RO-data=336 RW-data=4 ZI-data=1636  
FromELF: creating hex file...
After Build - User command #1: CopyHex_Flash.bat
E:\【重要】电子\电赛\电赛准备\硬石步进电机资料\步进电机控制程序\YSF1_MOTOR-005. 57步进电机速度调节\Project\MDKARM(uV5)>copy Objects\YS-F1PRO.hex YS-F1PRO.hex 
已复制         1 个文件。
".\Objects\YS-F1PRO.axf" - 0 Error(s), 0 Warning(s).

<h2>Collection of Component include folders:</h2>
  E:\【重要】电子\电赛\电赛准备\硬石步进电机资料\步进电机控制程序\YSF1_MOTOR-005. 57步进电机速度调节\Project\MDKARM(uV5)\RTE
  D:\MDK5\ARM\PACK\Keil\STM32F1xx_DFP\1.0.5\Device\Include

<h2>Collection of Component Files used:</h2>
</pre>
</body>
</html>
