<html>
<body>
<pre>
<h1>礦ision Build Log</h1>
<h2>Tool Versions:</h2>
IDE-Version: μVision V5.14.0.0
Copyright (C) 2015 ARM Ltd and ARM Germany GmbH. All rights reserved.
License Information: liu zezheng, 1, LIC=7YKY8-3M91K-NTY3G-VEKPM-8HHEY-B58VB
 
Tool Versions:
Toolchain:       MDK-ARM Professional  Version: 5.14.0.0
Toolchain Path:  C:\Keil_v5\ARM\ARMCC\Bin
C Compiler:      Armcc.exe V5.05 update 1 (build 106)
Assembler:       Armasm.exe V5.05 update 1 (build 106)
Linker/Locator:  ArmLink.exe V5.05 update 1 (build 106)
Library Manager: ArmAr.exe V5.05 update 1 (build 106)
Hex Converter:   FromElf.exe V5.05 update 1 (build 106)
CPU DLL:         SARMCM3.DLL V5.14.0.0
Dialog DLL:      DCM.DLL V1.13.1.0
Target DLL:      STLink\ST-LINKIII-KEIL_SWO.dll V2.0.14.0_KEIL
Dialog DLL:      TCM.DLL V1.14.4.0
 
<h2>Project:</h2>
C:\Users\CCCP\Desktop\电赛准备\战舰开发板ov7725\USER\test.uvprojx
Project File Date:  11/07/2017

<h2>Output:</h2>
Build target 'Target 1'
assembling startup_stm32f10x_hd.s...
compiling test.c...
compiling delay.c...
compiling sys.c...
compiling usart.c...
compiling led.c...
compiling ILI93xx.c...
compiling key.c...
compiling exti.c...
compiling tpad.c...
compiling timer.c...
compiling sccb.c...
compiling ov7670.c...
compiling ov7725.c...
compiling usmart.c...
compiling usmart_config.c...
compiling usmart_str.c...
linking...
Program Size: Code=28558 RO-data=7458 RW-data=440 ZI-data=1336  
FromELF: creating hex file...
"..\OBJ\test.axf" - 0 Error(s), 0 Warning(s).

<h2>Collection of Component include folders:</h2>
  C:\Users\CCCP\Desktop\电赛准备\战舰开发板ov7725\USER\RTE
  C:\Keil_v5\ARM\PACK\Keil\STM32F1xx_DFP\1.0.5\Device\Include

<h2>Collection of Component Files used:</h2>
</pre>
</body>
</html>
