Component: ARM Compiler 5.05 update 1 (build 106) Tool: armlink [4d0efa]

==============================================================================

Section Cross References

    startup_stm32f10x_hd.o(STACK) refers (Special) to heapauxi.o(.text) for __use_two_region_memory
    startup_stm32f10x_hd.o(HEAP) refers (Special) to heapauxi.o(.text) for __use_two_region_memory
    startup_stm32f10x_hd.o(RESET) refers (Special) to heapauxi.o(.text) for __use_two_region_memory
    startup_stm32f10x_hd.o(RESET) refers to startup_stm32f10x_hd.o(STACK) for __initial_sp
    startup_stm32f10x_hd.o(RESET) refers to startup_stm32f10x_hd.o(.text) for Reset_Handler
    startup_stm32f10x_hd.o(RESET) refers to exti.o(i.EXTI0_IRQHandler) for EXTI0_IRQHandler
    startup_stm32f10x_hd.o(RESET) refers to exti.o(i.EXTI2_IRQHandler) for EXTI2_IRQHandler
    startup_stm32f10x_hd.o(RESET) refers to exti.o(i.EXTI3_IRQHandler) for EXTI3_IRQHandler
    startup_stm32f10x_hd.o(RESET) refers to exti.o(i.EXTI4_IRQHandler) for EXTI4_IRQHandler
    startup_stm32f10x_hd.o(RESET) refers to exti.o(i.EXTI9_5_IRQHandler) for EXTI9_5_IRQHandler
    startup_stm32f10x_hd.o(RESET) refers to timer.o(i.TIM3_IRQHandler) for TIM3_IRQHandler
    startup_stm32f10x_hd.o(RESET) refers to usmart.o(i.TIM4_IRQHandler) for TIM4_IRQHandler
    startup_stm32f10x_hd.o(RESET) refers to usart.o(i.USART1_IRQHandler) for USART1_IRQHandler
    startup_stm32f10x_hd.o(RESET) refers to timer.o(i.TIM5_IRQHandler) for TIM5_IRQHandler
    startup_stm32f10x_hd.o(RESET) refers to timer.o(i.TIM6_IRQHandler) for TIM6_IRQHandler
    startup_stm32f10x_hd.o(.text) refers (Special) to heapauxi.o(.text) for __use_two_region_memory
    startup_stm32f10x_hd.o(.text) refers to __main.o(!!!main) for __main
    startup_stm32f10x_hd.o(.text) refers to startup_stm32f10x_hd.o(HEAP) for Heap_Mem
    startup_stm32f10x_hd.o(.text) refers to startup_stm32f10x_hd.o(STACK) for Stack_Mem
    test.o(i.OV7670_camera_refresh) refers to ili93xx.o(i.LCD_Scan_Dir) for LCD_Scan_Dir
    test.o(i.OV7670_camera_refresh) refers to ili93xx.o(i.LCD_Set_Window) for LCD_Set_Window
    test.o(i.OV7670_camera_refresh) refers to ili93xx.o(i.LCD_WriteRAM_Prepare) for LCD_WriteRAM_Prepare
    test.o(i.OV7670_camera_refresh) refers to exti.o(.data) for ov_sta
    test.o(i.OV7670_camera_refresh) refers to ili93xx.o(.bss) for lcddev
    test.o(i.OV7670_camera_refresh) refers to timer.o(.data) for ov_frame
    test.o(i.OV7725_camera_refresh) refers to ili93xx.o(i.LCD_Scan_Dir) for LCD_Scan_Dir
    test.o(i.OV7725_camera_refresh) refers to ili93xx.o(i.LCD_Set_Window) for LCD_Set_Window
    test.o(i.OV7725_camera_refresh) refers to ili93xx.o(i.LCD_WriteRAM_Prepare) for LCD_WriteRAM_Prepare
    test.o(i.OV7725_camera_refresh) refers to exti.o(.data) for ov_sta
    test.o(i.OV7725_camera_refresh) refers to ili93xx.o(.bss) for lcddev
    test.o(i.OV7725_camera_refresh) refers to timer.o(.data) for ov_frame
    test.o(i.main) refers to _printf_percent.o(.ARM.Collect$$_printf_percent$$00000000) for _printf_percent
    test.o(i.main) refers to _printf_s.o(.ARM.Collect$$_printf_percent$$00000014) for _printf_s
    test.o(i.main) refers to _printf_str.o(.text) for _printf_str
    test.o(i.main) refers to _printf_d.o(.ARM.Collect$$_printf_percent$$00000009) for _printf_d
    test.o(i.main) refers to _printf_dec.o(.text) for _printf_int_dec
    test.o(i.main) refers to sys.o(i.Stm32_Clock_Init) for Stm32_Clock_Init
    test.o(i.main) refers to usart.o(i.uart_init) for uart_init
    test.o(i.main) refers to delay.o(i.delay_init) for delay_init
    test.o(i.main) refers to led.o(i.LED_Init) for LED_Init
    test.o(i.main) refers to key.o(i.KEY_Init) for KEY_Init
    test.o(i.main) refers to ili93xx.o(i.LCD_Init) for LCD_Init
    test.o(i.main) refers to tpad.o(i.TPAD_Init) for TPAD_Init
    test.o(i.main) refers to ili93xx.o(i.LCD_ShowString) for LCD_ShowString
    test.o(i.main) refers to ov7725.o(i.OV7725_Init) for OV7725_Init
    test.o(i.main) refers to ov7670.o(i.OV7670_Init) for OV7670_Init
    test.o(i.main) refers to delay.o(i.delay_ms) for delay_ms
    test.o(i.main) refers to ili93xx.o(i.LCD_Fill) for LCD_Fill
    test.o(i.main) refers to key.o(i.KEY_Scan) for KEY_Scan
    test.o(i.main) refers to ov7725.o(i.OV7725_Window_Set) for OV7725_Window_Set
    test.o(i.main) refers to ov7725.o(i.OV7725_Light_Mode) for OV7725_Light_Mode
    test.o(i.main) refers to ov7725.o(i.OV7725_Color_Saturation) for OV7725_Color_Saturation
    test.o(i.main) refers to ov7725.o(i.OV7725_Brightness) for OV7725_Brightness
    test.o(i.main) refers to ov7725.o(i.OV7725_Contrast) for OV7725_Contrast
    test.o(i.main) refers to ov7725.o(i.OV7725_Special_Effects) for OV7725_Special_Effects
    test.o(i.main) refers to ov7670.o(i.OV7670_Light_Mode) for OV7670_Light_Mode
    test.o(i.main) refers to ov7670.o(i.OV7670_Color_Saturation) for OV7670_Color_Saturation
    test.o(i.main) refers to ov7670.o(i.OV7670_Brightness) for OV7670_Brightness
[...]
    ../clib/printf.c                         0x00000000   Number         0  __2sprintf.o ABSOLUTE
    ../clib/printf.c                         0x00000000   Number         0  __printf_flags_ss.o ABSOLUTE
    ../clib/printf.c                         0x00000000   Number         0  __2printf.o ABSOLUTE
    ../clib/printf.c                         0x00000000   Number         0  noretval__2printf.o ABSOLUTE
    ../clib/printf.c                         0x00000000   Number         0  noretval__2sprintf.o ABSOLUTE
    ../clib/printf.c                         0x00000000   Number         0  __printf.o ABSOLUTE
    ../clib/printf.c                         0x00000000   Number         0  _printf_pad.o ABSOLUTE
    ../clib/printf.c                         0x00000000   Number         0  _printf_str.o ABSOLUTE
    ../clib/printf.c                         0x00000000   Number         0  _printf_dec.o ABSOLUTE
    ../clib/printf.c                         0x00000000   Number         0  _printf_hex_ll.o ABSOLUTE
    ../clib/printf.c                         0x00000000   Number         0  _printf_hex_int.o ABSOLUTE
    ../clib/printf.c                         0x00000000   Number         0  __printf_flags_ss_wp.o ABSOLUTE
    ../clib/printf.c                         0x00000000   Number         0  __printf_ss_wp.o ABSOLUTE
    ../clib/printf.c                         0x00000000   Number         0  __printf_flags_wp.o ABSOLUTE
    ../clib/printf.c                         0x00000000   Number         0  __printf_wp.o ABSOLUTE
    ../clib/printf.c                         0x00000000   Number         0  _printf_hex_int_ll.o ABSOLUTE
    ../clib/printf.c                         0x00000000   Number         0  _printf_hex_ptr.o ABSOLUTE
    ../clib/printf.c                         0x00000000   Number         0  _printf_hex_int_ptr.o ABSOLUTE
    ../clib/printf_percent.s                 0x00000000   Number         0  _printf_percent_end.o ABSOLUTE
    ../clib/printf_percent.s                 0x00000000   Number         0  _printf_d.o ABSOLUTE
    ../clib/printf_percent.s                 0x00000000   Number         0  _printf_c.o ABSOLUTE
    ../clib/printf_percent.s                 0x00000000   Number         0  _printf_percent.o ABSOLUTE
    ../clib/printf_percent.s                 0x00000000   Number         0  _printf_x.o ABSOLUTE
    ../clib/printf_percent.s                 0x00000000   Number         0  _printf_s.o ABSOLUTE
    ../clib/printf_percent.s                 0x00000000   Number         0  _printf_u.o ABSOLUTE
    ../clib/signal.c                         0x00000000   Number         0  defsig_segv_inner.o ABSOLUTE
    ../clib/signal.c                         0x00000000   Number         0  defsig_exit.o ABSOLUTE
    ../clib/signal.c                         0x00000000   Number         0  defsig_rtmem_formal.o ABSOLUTE
    ../clib/signal.c                         0x00000000   Number         0  defsig_rtmem_outer.o ABSOLUTE
    ../clib/signal.c                         0x00000000   Number         0  defsig_other.o ABSOLUTE
    ../clib/signal.c                         0x00000000   Number         0  defsig_rtred_inner.o ABSOLUTE
    ../clib/signal.c                         0x00000000   Number         0  defsig_cppl_inner.o ABSOLUTE
    ../clib/signal.c                         0x00000000   Number         0  defsig_pvfn_inner.o ABSOLUTE
    ../clib/signal.c                         0x00000000   Number         0  defsig_stak_inner.o ABSOLUTE
    ../clib/signal.c                         0x00000000   Number         0  defsig_fpe_inner.o ABSOLUTE
    ../clib/signal.c                         0x00000000   Number         0  defsig_abrt_inner.o ABSOLUTE
    ../clib/signal.c                         0x00000000   Number         0  defsig_general.o ABSOLUTE
    ../clib/signal.c                         0x00000000   Number         0  __raise.o ABSOLUTE
    ../clib/signal.c                         0x00000000   Number         0  defsig_rtmem_inner.o ABSOLUTE
    ../clib/signal.s                         0x00000000   Number         0  defsig.o ABSOLUTE
    ../clib/stdio.c                          0x00000000   Number         0  ferror.o ABSOLUTE
    ../clib/stdio.c                          0x00000000   Number         0  ferror_locked.o ABSOLUTE
    ../clib/stdlib.c                         0x00000000   Number         0  exit.o ABSOLUTE
    ../fplib/dfixu.s                         0x00000000   Number         0  dfixu.o ABSOLUTE
    ../fplib/dflt.s                          0x00000000   Number         0  dflt_clz.o ABSOLUTE
    ../fplib/dmul.s                          0x00000000   Number         0  dmul.o ABSOLUTE
    ../fplib/dnaninf.s                       0x00000000   Number         0  dnaninf.o ABSOLUTE
    ../fplib/dretinf.s                       0x00000000   Number         0  dretinf.o ABSOLUTE
    ../fplib/faddsub.s                       0x00000000   Number         0  faddsub_clz.o ABSOLUTE
    ../fplib/fcheck1.s                       0x00000000   Number         0  fcheck1.o ABSOLUTE
    ../fplib/fdiv.s                          0x00000000   Number         0  fdiv.o ABSOLUTE
    ../fplib/ffixu.s                         0x00000000   Number         0  ffixu.o ABSOLUTE
    ../fplib/fflt.s                          0x00000000   Number         0  fflt_clz.o ABSOLUTE
    ../fplib/fnaninf.s                       0x00000000   Number         0  fnaninf.o ABSOLUTE
    ../fplib/fpinit.s                        0x00000000   Number         0  fpinit.o ABSOLUTE
    ../fplib/fretinf.s                       0x00000000   Number         0  fretinf.o ABSOLUTE
    ../fplib/retnan.s                        0x00000000   Number         0  retnan.o ABSOLUTE
    ../fplib/scalbnf.s                       0x00000000   Number         0  scalbnf.o ABSOLUTE
    ../fplib/trapv.s                         0x00000000   Number         0  trapv.o ABSOLUTE
    ../fplib/usenofp.s                       0x00000000   Number         0  usenofp.o ABSOLUTE
    ..\HARDWARE\EXTI\exti.c                  0x00000000   Number         0  exti.o ABSOLUTE
    ..\HARDWARE\KEY\key.c                    0x00000000   Number         0  key.o ABSOLUTE
    ..\HARDWARE\LCD\ILI93xx.c                0x00000000   Number         0  ili93xx.o ABSOLUTE
    ..\HARDWARE\LED\led.c                    0x00000000   Number         0  led.o ABSOLUTE
    ..\HARDWARE\OV7670\ov7670.c              0x00000000   Number         0  ov7670.o ABSOLUTE
    ..\HARDWARE\OV7670\sccb.c                0x00000000   Number         0  sccb.o ABSOLUTE
    ..\HARDWARE\OV7725\ov7725.c              0x00000000   Number         0  ov7725.o ABSOLUTE
    ..\HARDWARE\TIMER\timer.c                0x00000000   Number         0  timer.o ABSOLUTE
    ..\HARDWARE\TPAD\tpad.c                  0x00000000   Number         0  tpad.o ABSOLUTE
    ..\SYSTEM\delay\delay.c                  0x00000000   Number         0  delay.o ABSOLUTE
    ..\SYSTEM\sys\sys.c                      0x00000000   Number         0  sys.o ABSOLUTE
    ..\SYSTEM\usart\usart.c                  0x00000000   Number         0  usart.o ABSOLUTE
    ..\USMART\usmart.c                       0x00000000   Number         0  usmart.o ABSOLUTE
    ..\USMART\usmart_config.c                0x00000000   Number         0  usmart_config.o ABSOLUTE
    ..\USMART\usmart_str.c                   0x00000000   Number         0  usmart_str.o ABSOLUTE
    ..\\SYSTEM\\sys\\sys.c                   0x00000000   Number         0  sys.o ABSOLUTE
    dc.s                                     0x00000000   Number         0  dc.o ABSOLUTE
    startup_stm32f10x_hd.s                   0x00000000   Number         0  startup_stm32f10x_hd.o ABSOLUTE
    test.c                                   0x00000000   Number         0  test.o ABSOLUTE
    RESET                                    0x08000000   Section      304  startup_stm32f10x_hd.o(RESET)
    !!!main                                  0x08000130   Section        8  __main.o(!!!main)
    !!!scatter                               0x08000138   Section       52  __scatter.o(!!!scatter)
    !!dczerorl2                              0x0800016c   Section       90  __dczerorl2.o(!!dczerorl2)
    !!handler_zi                             0x080001c8   Section       28  __scatter_zi.o(!!handler_zi)
    .ARM.Collect$$_printf_percent$$00000000  0x080001e4   Section        0  _printf_percent.o(.ARM.Collect$$_printf_percent$$00000000)
    .ARM.Collect$$_printf_percent$$00000009  0x080001e4   Section        6  _printf_d.o(.ARM.Collect$$_printf_percent$$00000009)
    .ARM.Collect$$_printf_percent$$0000000A  0x080001ea   Section        6  _printf_u.o(.ARM.Collect$$_printf_percent$$0000000A)
    .ARM.Collect$$_printf_percent$$0000000C  0x080001f0   Section        6  _printf_x.o(.ARM.Collect$$_printf_percent$$0000000C)
    .ARM.Collect$$_printf_percent$$00000013  0x080001f6   Section        6  _printf_c.o(.ARM.Collect$$_printf_percent$$00000013)
    .ARM.Collect$$_printf_percent$$00000014  0x080001fc   Section        6  _printf_s.o(.ARM.Collect$$_printf_percent$$00000014)
    .ARM.Collect$$_printf_percent$$00000017  0x08000202   Section        4  _printf_percent_end.o(.ARM.Collect$$_printf_percent$$00000017)
    .ARM.Collect$$libinit$$00000000          0x08000206   Section        2  libinit.o(.ARM.Collect$$libinit$$00000000)
    .ARM.Collect$$libinit$$00000002          0x08000208   Section        0  libinit2.o(.ARM.Collect$$libinit$$00000002)
    .ARM.Collect$$libinit$$00000004          0x08000208   Section        0  libinit2.o(.ARM.Collect$$libinit$$00000004)
    .ARM.Collect$$libinit$$0000000A          0x08000208   Section        0  libinit2.o(.ARM.Collect$$libinit$$0000000A)
    .ARM.Collect$$libinit$$0000000C          0x08000208   Section        0  libinit2.o(.ARM.Collect$$libinit$$0000000C)
    .ARM.Collect$$libinit$$0000000E          0x08000208   Section        0  libinit2.o(.ARM.Collect$$libinit$$0000000E)
    .ARM.Collect$$libinit$$00000011          0x08000208   Section        0  libinit2.o(.ARM.Collect$$libinit$$00000011)
    .ARM.Collect$$libinit$$00000013          0x08000208   Section        0  libinit2.o(.ARM.Collect$$libinit$$00000013)
    .ARM.Collect$$libinit$$00000015          0x08000208   Section        0  libinit2.o(.ARM.Collect$$libinit$$00000015)
    .ARM.Collect$$libinit$$00000017          0x08000208   Section        0  libinit2.o(.ARM.Collect$$libinit$$00000017)
    .ARM.Collect$$libinit$$00000019          0x08000208   Section        0  libinit2.o(.ARM.Collect$$libinit$$00000019)
    .ARM.Collect$$libinit$$0000001B          0x08000208   Section        0  libinit2.o(.ARM.Collect$$libinit$$0000001B)
    .ARM.Collect$$libinit$$0000001D          0x08000208   Section        0  libinit2.o(.ARM.Collect$$libinit$$0000001D)
    .ARM.Collect$$libinit$$0000001F          0x08000208   Section        0  libinit2.o(.ARM.Collect$$libinit$$0000001F)
    .ARM.Collect$$libinit$$00000021          0x08000208   Section        0  libinit2.o(.ARM.Collect$$libinit$$00000021)
    .ARM.Collect$$libinit$$00000023          0x08000208   Section        0  libinit2.o(.ARM.Collect$$libinit$$00000023)
    .ARM.Collect$$libinit$$00000025          0x08000208   Section        0  libinit2.o(.ARM.Collect$$libinit$$00000025)
    .ARM.Collect$$libinit$$0000002C          0x08000208   Section        0  libinit2.o(.ARM.Collect$$libinit$$0000002C)
    .ARM.Collect$$libinit$$0000002E          0x08000208   Section        0  libinit2.o(.ARM.Collect$$libinit$$0000002E)
    .ARM.Collect$$libinit$$00000030          0x08000208   Section        0  libinit2.o(.ARM.Collect$$libinit$$00000030)
    .ARM.Collect$$libinit$$00000032          0x08000208   Section        0  libinit2.o(.ARM.Collect$$libinit$$00000032)
    .ARM.Collect$$libinit$$00000033          0x08000208   Section        2  libinit2.o(.ARM.Collect$$libinit$$00000033)
    .ARM.Collect$$libshutdown$$00000000      0x0800020a   Section        2  libshutdown.o(.ARM.Collect$$libshutdown$$00000000)
    .ARM.Collect$$libshutdown$$00000003      0x0800020c   Section        0  libshutdown2.o(.ARM.Collect$$libshutdown$$00000003)
    .ARM.Collect$$libshutdown$$00000006      0x0800020c   Section        0  libshutdown2.o(.ARM.Collect$$libshutdown$$00000006)
    .ARM.Collect$$libshutdown$$00000009      0x0800020c   Section        0  libshutdown2.o(.ARM.Collect$$libshutdown$$00000009)
    .ARM.Collect$$libshutdown$$0000000B      0x0800020c   Section        0  libshutdown2.o(.ARM.Collect$$libshutdown$$0000000B)
    .ARM.Collect$$libshutdown$$0000000E      0x0800020c   Section        0  libshutdown2.o(.ARM.Collect$$libshutdown$$0000000E)
    .ARM.Collect$$libshutdown$$0000000F      0x0800020c   Section        2  libshutdown2.o(.ARM.Collect$$libshutdown$$0000000F)
    .ARM.Collect$$rtentry$$00000000          0x0800020e   Section        0  __rtentry.o(.ARM.Collect$$rtentry$$00000000)
    .ARM.Collect$$rtentry$$00000002          0x0800020e   Section        0  __rtentry2.o(.ARM.Collect$$rtentry$$00000002)
    .ARM.Collect$$rtentry$$00000004          0x0800020e   Section        6  __rtentry4.o(.ARM.Collect$$rtentry$$00000004)
    .ARM.Collect$$rtentry$$00000009          0x08000214   Section        0  __rtentry2.o(.ARM.Collect$$rtentry$$00000009)
    .ARM.Collect$$rtentry$$0000000A          0x08000214   Section        4  __rtentry2.o(.ARM.Collect$$rtentry$$0000000A)
    .ARM.Collect$$rtentry$$0000000C          0x08000218   Section        0  __rtentry2.o(.ARM.Collect$$rtentry$$0000000C)
    .ARM.Collect$$rtentry$$0000000D          0x08000218   Section        8  __rtentry2.o(.ARM.Collect$$rtentry$$0000000D)
    .ARM.Collect$$rtexit$$00000000           0x08000220   Section        2  rtexit.o(.ARM.Collect$$rtexit$$00000000)
    .ARM.Collect$$rtexit$$00000002           0x08000222   Section        0  rtexit2.o(.ARM.Collect$$rtexit$$00000002)
    .ARM.Collect$$rtexit$$00000003           0x08000222   Section        4  rtexit2.o(.ARM.Collect$$rtexit$$00000003)
    .ARM.Collect$$rtexit$$00000004           0x08000226   Section        6  rtexit2.o(.ARM.Collect$$rtexit$$00000004)
    .text                                    0x0800022c   Section       52  startup_stm32f10x_hd.o(.text)
    .text                                    0x08000260   Section        2  use_no_semi_2.o(.text)
    .text                                    0x08000264   Section        0  noretval__2printf.o(.text)
    .text                                    0x0800027c   Section        0  noretval__2sprintf.o(.text)
    .text                                    0x080002a4   Section        0  _printf_pad.o(.text)
    .text                                    0x080002f2   Section        0  _printf_str.o(.text)
    .text                                    0x08000344   Section        0  _printf_dec.o(.text)
    .text                                    0x080003bc   Section        0  _printf_hex_int.o(.text)
    .text                                    0x08000414   Section        0  __printf_flags_ss_wp.o(.text)
    .text                                    0x0800059c   Section        0  heapauxi.o(.text)
    .text                                    0x080005a2   Section        2  use_no_semi.o(.text)
    .text                                    0x080005a4   Section        0  _printf_intcommon.o(.text)
    .text                                    0x08000658   Section        0  _printf_char_common.o(.text)
    _printf_input_char                       0x08000659   Thumb Code    10  _printf_char_common.o(.text)
    .text                                    0x08000688   Section        0  _sputc.o(.text)
    .text                                    0x08000692   Section        0  _printf_char.o(.text)
    .text                                    0x080006c0   Section        0  _printf_char_file.o(.text)
    .text                                    0x080006e4   Section        0  ferror.o(.text)
    .text                                    0x080006ec   Section       74  sys_stackheap_outer.o(.text)
    .text                                    0x08000736   Section        0  exit.o(.text)
    .text                                    0x08000744   Section        8  libspace.o(.text)
    i.EXTI0_IRQHandler                       0x0800074c   Section        0  exti.o(i.EXTI0_IRQHandler)
    i.EXTI2_IRQHandler                       0x08000784   Section        0  exti.o(i.EXTI2_IRQHandler)
    i.EXTI3_IRQHandler                       0x080007bc   Section        0  exti.o(i.EXTI3_IRQHandler)
    i.EXTI4_IRQHandler                       0x080007ec   Section        0  exti.o(i.EXTI4_IRQHandler)
    i.EXTI8_Init                             0x08000834   Section        0  exti.o(i.EXTI8_Init)
    i.EXTI9_5_IRQHandler                     0x08000850   Section        0  exti.o(i.EXTI9_5_IRQHandler)
    i.Ex_NVIC_Config                         0x080008a4   Section        0  sys.o(i.Ex_NVIC_Config)
    i.JTAG_Set                               0x08000904   Section        0  sys.o(i.JTAG_Set)
    i.KEY_Init                               0x0800092c   Section        0  key.o(i.KEY_Init)
    i.KEY_Scan                               0x08000984   Section        0  key.o(i.KEY_Scan)
    i.LCD_Clear                              0x08000a1c   Section        0  ili93xx.o(i.LCD_Clear)
    i.LCD_Display_Dir                        0x08000a88   Section        0  ili93xx.o(i.LCD_Display_Dir)
    i.LCD_Fast_DrawPoint                     0x08000bbc   Section        0  ili93xx.o(i.LCD_Fast_DrawPoint)
    i.LCD_Fill                               0x08000cd8   Section        0  ili93xx.o(i.LCD_Fill)
    i.LCD_Init                               0x08000d64   Section        0  ili93xx.o(i.LCD_Init)
    i.LCD_RD_DATA                            0x08003bbc   Section        0  ili93xx.o(i.LCD_RD_DATA)
    i.LCD_ReadReg                            0x08003bd0   Section        0  ili93xx.o(i.LCD_ReadReg)
    i.LCD_SSD_BackLightSet                   0x08003be8   Section        0  ili93xx.o(i.LCD_SSD_BackLightSet)
    i.LCD_Scan_Dir                           0x08003c24   Section        0  ili93xx.o(i.LCD_Scan_Dir)
    i.LCD_SetCursor                          0x08003dcc   Section        0  ili93xx.o(i.LCD_SetCursor)
    i.LCD_Set_Window                         0x08003f14   Section        0  ili93xx.o(i.LCD_Set_Window)
    i.LCD_ShowChar                           0x08004090   Section        0  ili93xx.o(i.LCD_ShowChar)
    i.LCD_ShowString                         0x0800415c   Section        0  ili93xx.o(i.LCD_ShowString)
    i.LCD_WriteRAM_Prepare                   0x080041b0   Section        0  ili93xx.o(i.LCD_WriteRAM_Prepare)
    i.LCD_WriteReg                           0x080041c4   Section        0  ili93xx.o(i.LCD_WriteReg)
    i.LED_Init                               0x080041d4   Section        0  led.o(i.LED_Init)
    i.MYRCC_DeInit                           0x08004230   Section        0  sys.o(i.MYRCC_DeInit)
    i.MY_NVIC_Init                           0x0800427c   Section        0  sys.o(i.MY_NVIC_Init)
    i.MY_NVIC_PriorityGroupConfig            0x080042c8   Section        0  sys.o(i.MY_NVIC_PriorityGroupConfig)
    i.MY_NVIC_SetVectorTable                 0x080042ec   Section        0  sys.o(i.MY_NVIC_SetVectorTable)
    i.OV7670_Brightness                      0x08004300   Section        0  ov7670.o(i.OV7670_Brightness)
    i.OV7670_Color_Saturation                0x08004326   Section        0  ov7670.o(i.OV7670_Color_Saturation)
    i.OV7670_Contrast                        0x08004398   Section        0  ov7670.o(i.OV7670_Contrast)
    i.OV7670_Init                            0x080043c0   Section        0  ov7670.o(i.OV7670_Init)
    i.OV7670_Light_Mode                      0x080044e0   Section        0  ov7670.o(i.OV7670_Light_Mode)
    i.OV7670_Special_Effects                 0x08004532   Section        0  ov7670.o(i.OV7670_Special_Effects)
    i.OV7670_Window_Set                      0x08004586   Section        0  ov7670.o(i.OV7670_Window_Set)
    i.OV7670_camera_refresh                  0x080045f4   Section        0  test.o(i.OV7670_camera_refresh)
    i.OV7725_Brightness                      0x080046f4   Section        0  ov7725.o(i.OV7725_Brightness)
    i.OV7725_Color_Saturation                0x08004742   Section        0  ov7725.o(i.OV7725_Color_Saturation)
    i.OV7725_Contrast                        0x08004764   Section        0  ov7725.o(i.OV7725_Contrast)
    i.OV7725_Init                            0x0800477c   Section        0  ov7725.o(i.OV7725_Init)
    i.OV7725_Light_Mode                      0x080048e8   Section        0  ov7725.o(i.OV7725_Light_Mode)
    i.OV7725_Special_Effects                 0x08004980   Section        0  ov7725.o(i.OV7725_Special_Effects)
    i.OV7725_Window_Set                      0x08004a0a   Section        0  ov7725.o(i.OV7725_Window_Set)
    i.OV7725_camera_refresh                  0x08004b50   Section        0  test.o(i.OV7725_camera_refresh)
    i.SCCB_Init                              0x08004c4c   Section        0  sccb.o(i.SCCB_Init)
    i.SCCB_No_Ack                            0x08004cb4   Section        0  sccb.o(i.SCCB_No_Ack)
    i.SCCB_RD_Byte                           0x08004cf8   Section        0  sccb.o(i.SCCB_RD_Byte)
    i.SCCB_RD_Reg                            0x08004d6c   Section        0  sccb.o(i.SCCB_RD_Reg)
    i.SCCB_Start                             0x08004db8   Section        0  sccb.o(i.SCCB_Start)
    i.SCCB_Stop                              0x08004dec   Section        0  sccb.o(i.SCCB_Stop)
    i.SCCB_WR_Byte                           0x08004e24   Section        0  sccb.o(i.SCCB_WR_Byte)
    i.SCCB_WR_Reg                            0x08004eb4   Section        0  sccb.o(i.SCCB_WR_Reg)
    i.Stm32_Clock_Init                       0x08004ef4   Section        0  sys.o(i.Stm32_Clock_Init)
    i.TIM3_IRQHandler                        0x08004f60   Section        0  timer.o(i.TIM3_IRQHandler)
    i.TIM4_IRQHandler                        0x08004f8c   Section        0  usmart.o(i.TIM4_IRQHandler)
    i.TIM5_CH2_Cap_Init                      0x08004fc0   Section        0  tpad.o(i.TIM5_CH2_Cap_Init)
    i.TIM5_IRQHandler                        0x0800502c   Section        0  timer.o(i.TIM5_IRQHandler)
    i.TIM6_IRQHandler                        0x080050a4   Section        0  timer.o(i.TIM6_IRQHandler)
    i.TIM6_Int_Init                          0x080050e0   Section        0  timer.o(i.TIM6_Int_Init)
    i.TPAD_Get_MaxVal                        0x08005114   Section        0  tpad.o(i.TPAD_Get_MaxVal)
    i.TPAD_Get_Val                           0x08005130   Section        0  tpad.o(i.TPAD_Get_Val)
    i.TPAD_Init                              0x0800515c   Section        0  tpad.o(i.TPAD_Init)
    i.TPAD_Reset                             0x08005204   Section        0  tpad.o(i.TPAD_Reset)
    i.TPAD_Scan                              0x08005250   Section        0  tpad.o(i.TPAD_Scan)
    i.Timer4_Init                            0x08005290   Section        0  usmart.o(i.Timer4_Init)
    i.USART1_IRQHandler                      0x080052d0   Section        0  usart.o(i.USART1_IRQHandler)
    i._is_digit                              0x0800532c   Section        0  __printf_wp.o(i._is_digit)
    i._sys_exit                              0x0800533a   Section        0  usart.o(i._sys_exit)
    i.delay_init                             0x0800533c   Section        0  delay.o(i.delay_init)
    i.delay_ms                               0x08005368   Section        0  delay.o(i.delay_ms)
    i.delay_us                               0x08005390   Section        0  delay.o(i.delay_us)
    i.fputc                                  0x080053b8   Section        0  usart.o(i.fputc)
    i.main                                   0x080053d0   Section        0  test.o(i.main)
    i.read_addr                              0x0800595c   Section        0  usmart.o(i.read_addr)
    i.uart_init                              0x08005960   Section        0  usart.o(i.uart_init)
    i.usmart_cmd_rec                         0x08005a10   Section        0  usmart.o(i.usmart_cmd_rec)
    i.usmart_exe                             0x08005aa4   Section        0  usmart.o(i.usmart_exe)
    i.usmart_get_aparm                       0x08005d04   Section        0  usmart_str.o(i.usmart_get_aparm)
    i.usmart_get_cmdname                     0x08005da8   Section        0  usmart_str.o(i.usmart_get_cmdname)
    i.usmart_get_fname                       0x08005dd8   Section        0  usmart_str.o(i.usmart_get_fname)
    i.usmart_get_fparam                      0x08005f40   Section        0  usmart_str.o(i.usmart_get_fparam)
    i.usmart_get_parmpos                     0x08006010   Section        0  usmart_str.o(i.usmart_get_parmpos)
    i.usmart_get_runtime                     0x08006034   Section        0  usmart.o(i.usmart_get_runtime)
    i.usmart_init                            0x08006064   Section        0  usmart.o(i.usmart_init)
    i.usmart_pow                             0x0800608c   Section        0  usmart_str.o(i.usmart_pow)
    i.usmart_reset_runtime                   0x0800609c   Section        0  usmart.o(i.usmart_reset_runtime)
    i.usmart_scan                            0x080060c8   Section        0  usmart.o(i.usmart_scan)
    i.usmart_search_nextc                    0x0800616c   Section        0  usmart_str.o(i.usmart_search_nextc)
    i.usmart_str2num                         0x0800617c   Section        0  usmart_str.o(i.usmart_str2num)
    i.usmart_strcmp                          0x08006252   Section        0  usmart_str.o(i.usmart_strcmp)
    i.usmart_strcopy                         0x0800626a   Section        0  usmart_str.o(i.usmart_strcopy)
    i.usmart_strlen                          0x0800627c   Section        0  usmart_str.o(i.usmart_strlen)
    i.usmart_sys_cmd_exe                     0x08006290   Section        0  usmart.o(i.usmart_sys_cmd_exe)
    i.write_addr                             0x08006910   Section        0  usmart.o(i.write_addr)
    x$fpl$dfixu                              0x08006914   Section       90  dfixu.o(x$fpl$dfixu)
    x$fpl$dfltu                              0x0800696e   Section       38  dflt_clz.o(x$fpl$dfltu)
    x$fpl$dmul                               0x08006994   Section      340  dmul.o(x$fpl$dmul)
    x$fpl$dnaninf                            0x08006ae8   Section      156  dnaninf.o(x$fpl$dnaninf)
    x$fpl$dretinf                            0x08006b84   Section       12  dretinf.o(x$fpl$dretinf)
    x$fpl$fadd                               0x08006b90   Section      196  faddsub_clz.o(x$fpl$fadd)
    _fadd1                                   0x08006b9f   Thumb Code     0  faddsub_clz.o(x$fpl$fadd)
    x$fpl$fcheck1                            0x08006c54   Section       12  fcheck1.o(x$fpl$fcheck1)
    x$fpl$fdiv                               0x08006c60   Section      388  fdiv.o(x$fpl$fdiv)
    _fdiv1                                   0x08006c61   Thumb Code     0  fdiv.o(x$fpl$fdiv)
    x$fpl$ffixu                              0x08006de4   Section       62  ffixu.o(x$fpl$ffixu)
    x$fpl$ffltu                              0x08006e24   Section       38  fflt_clz.o(x$fpl$ffltu)
    x$fpl$fnaninf                            0x08006e4a   Section      140  fnaninf.o(x$fpl$fnaninf)
    x$fpl$fretinf                            0x08006ed6   Section       10  fretinf.o(x$fpl$fretinf)
    x$fpl$frsb                               0x08006ee0   Section       20  faddsub_clz.o(x$fpl$frsb)
    x$fpl$fsub                               0x08006ef4   Section      234  faddsub_clz.o(x$fpl$fsub)
    _fsub1                                   0x08006f03   Thumb Code     0  faddsub_clz.o(x$fpl$fsub)
    x$fpl$retnan                             0x08006fde   Section      100  retnan.o(x$fpl$retnan)
    x$fpl$scalbnf                            0x08007042   Section       76  scalbnf.o(x$fpl$scalbnf)
    x$fpl$trapveneer                         0x0800708e   Section       48  trapv.o(x$fpl$trapveneer)
    .constdata                               0x080070be   Section     6080  ili93xx.o(.constdata)
    x$fpl$usenofp                            0x080070be   Section        0  usenofp.o(x$fpl$usenofp)
    .constdata                               0x0800887e   Section      336  ov7670.o(.constdata)
    .constdata                               0x080089ce   Section      130  ov7725.o(.constdata)
    .constdata                               0x08008a50   Section       40  _printf_hex_int.o(.constdata)
    uc_hextab                                0x08008a50   Data          20  _printf_hex_int.o(.constdata)
    lc_hextab                                0x08008a64   Data          20  _printf_hex_int.o(.constdata)
    .constdata                               0x08008a78   Section       17  __printf_flags_ss_wp.o(.constdata)
    maptable                                 0x08008a78   Data          17  __printf_flags_ss_wp.o(.constdata)
    .conststring                             0x08008a8c   Section      106  test.o(.conststring)
    .conststring                             0x08008af8   Section       40  usmart.o(.conststring)
    .conststring                             0x08008b20   Section      366  usmart_config.o(.conststring)
    .data                                    0x20000000   Section       52  test.o(.data)
    .data                                    0x20000034   Section        4  delay.o(.data)
    fac_us                                   0x20000034   Data           1  delay.o(.data)
    fac_ms                                   0x20000036   Data           2  delay.o(.data)
    .data                                    0x20000038   Section        2  usart.o(.data)
    .data                                    0x2000003c   Section        4  usart.o(.data)
    .data                                    0x20000040   Section        4  ili93xx.o(.data)
    .data                                    0x20000044   Section        1  key.o(.data)
    key_up                                   0x20000044   Data           1  key.o(.data)
    .data                                    0x20000045   Section        1  exti.o(.data)
    .data                                    0x20000046   Section        4  tpad.o(.data)
    keyen                                    0x20000046   Data           1  tpad.o(.data)
    .data                                    0x2000004a   Section        4  timer.o(.data)
    .data                                    0x20000050   Section       28  usmart.o(.data)
    .data                                    0x2000006c   Section       88  usmart_config.o(.data)
    .data                                    0x200000c4   Section      244  usmart_config.o(.data)
    .bss                                     0x200001b8   Section      200  usart.o(.bss)
    .bss                                     0x20000280   Section       14  ili93xx.o(.bss)
    .bss                                     0x20000290   Section       96  libspace.o(.bss)
    HEAP                                     0x200002f0   Section        0  startup_stm32f10x_hd.o(HEAP)
    STACK                                    0x200002f0   Section     1024  startup_stm32f10x_hd.o(STACK)
    Heap_Mem                                 0x200002f0   Data           0  startup_stm32f10x_hd.o(HEAP)
    Stack_Mem                                0x200002f0   Data        1024  startup_stm32f10x_hd.o(STACK)
    __initial_sp                             0x200006f0   Data           0  startup_stm32f10x_hd.o(STACK)

    Global Symbols

    Symbol Name                              Value     Ov Type        Size  Object(Section)

    BuildAttributes$$THM_ISAv4$P$D$K$B$S$PE$A:L22UL41UL21$X:L11$S22US41US21$IEEE1$IW$USESV6$~STKCKD$USESV7$~SHL$OSPACE$ROPI$EBA8$UX$STANDARDLIB$REQ8$PRES8$EABIv2 0x00000000   Number         0  anon$$obj.o ABSOLUTE
    __ARM_use_no_argv                        0x00000000   Number         0  test.o ABSOLUTE
    _printf_flags                            0x00000000   Number         0  printf_stubs.o ABSOLUTE
    _printf_return_value                     0x00000000   Number         0  printf_stubs.o ABSOLUTE
    _printf_sizespec                         0x00000000   Number         0  printf_stubs.o ABSOLUTE
    _printf_widthprec                        0x00000000   Number         0  printf_stubs.o ABSOLUTE
    __ARM_exceptions_init                     - Undefined Weak Reference
    __alloca_initialize                       - Undefined Weak Reference
    __arm_preinit_                            - Undefined Weak Reference
    __cpp_initialize__aeabi_                  - Undefined Weak Reference
    __cxa_finalize                            - Undefined Weak Reference
    __rt_locale                               - Undefined Weak Reference
    __sigvec_lookup                           - Undefined Weak Reference
    _atexit_init                              - Undefined Weak Reference
    _call_atexit_fns                          - Undefined Weak Reference
    _clock_init                               - Undefined Weak Reference
    _fp_trap_init                             - Undefined Weak Reference
    _fp_trap_shutdown                         - Undefined Weak Reference
    _get_lc_collate                           - Undefined Weak Reference
    _get_lc_ctype                             - Undefined Weak Reference
    _get_lc_monetary                          - Undefined Weak Reference
    _get_lc_numeric                           - Undefined Weak Reference
    _get_lc_time                              - Undefined Weak Reference
    _getenv_init                              - Undefined Weak Reference
    _handle_redirection                       - Undefined Weak Reference
    _init_alloc                               - Undefined Weak Reference
    _init_user_alloc                          - Undefined Weak Reference
    _initio                                   - Undefined Weak Reference
    _mutex_acquire                            - Undefined Weak Reference
    _mutex_release                            - Undefined Weak Reference
    _printf_mbtowc                            - Undefined Weak Reference
    _printf_truncate_signed                   - Undefined Weak Reference
    _printf_truncate_unsigned                 - Undefined Weak Reference
    _rand_init                                - Undefined Weak Reference
    _signal_finish                            - Undefined Weak Reference
    _signal_init                              - Undefined Weak Reference
    _terminate_alloc                          - Undefined Weak Reference
    _terminate_user_alloc                     - Undefined Weak Reference
    _terminateio                              - Undefined Weak Reference
    __Vectors_Size                           0x00000130   Number         0  startup_stm32f10x_hd.o ABSOLUTE
    __Vectors                                0x08000000   Data           4  startup_stm32f10x_hd.o(RESET)
    __Vectors_End                            0x08000130   Data           0  startup_stm32f10x_hd.o(RESET)
    __main                                   0x08000131   Thumb Code     8  __main.o(!!!main)
    __scatterload                            0x08000139   Thumb Code     0  __scatter.o(!!!scatter)
    __scatterload_rt2                        0x08000139   Thumb Code    44  __scatter.o(!!!scatter)
    __scatterload_rt2_thumb_only             0x08000139   Thumb Code     0  __scatter.o(!!!scatter)
    __scatterload_null                       0x08000147   Thumb Code     0  __scatter.o(!!!scatter)
    __decompress                             0x0800016d   Thumb Code    90  __dczerorl2.o(!!dczerorl2)
    __decompress1                            0x0800016d   Thumb Code     0  __dczerorl2.o(!!dczerorl2)
    __scatterload_zeroinit                   0x080001c9   Thumb Code    28  __scatter_zi.o(!!handler_zi)
    _printf_d                                0x080001e5   Thumb Code     0  _printf_d.o(.ARM.Collect$$_printf_percent$$00000009)
    _printf_percent                          0x080001e5   Thumb Code     0  _printf_percent.o(.ARM.Collect$$_printf_percent$$00000000)
    _printf_u                                0x080001eb   Thumb Code     0  _printf_u.o(.ARM.Collect$$_printf_percent$$0000000A)
    _printf_x                                0x080001f1   Thumb Code     0  _printf_x.o(.ARM.Collect$$_printf_percent$$0000000C)
    _printf_c                                0x080001f7   Thumb Code     0  _printf_c.o(.ARM.Collect$$_printf_percent$$00000013)
    _printf_s                                0x080001fd   Thumb Code     0  _printf_s.o(.ARM.Collect$$_printf_percent$$00000014)
    _printf_percent_end                      0x08000203   Thumb Code     0  _printf_percent_end.o(.ARM.Collect$$_printf_percent$$00000017)
    __rt_lib_init                            0x08000207   Thumb Code     0  libinit.o(.ARM.Collect$$libinit$$00000000)
    __rt_lib_init_alloca_1                   0x08000209   Thumb Code     0  libinit2.o(.ARM.Collect$$libinit$$0000002E)
    __rt_lib_init_argv_1                     0x08000209   Thumb Code     0  libinit2.o(.ARM.Collect$$libinit$$0000002C)
    __rt_lib_init_atexit_1                   0x08000209   Thumb Code     0  libinit2.o(.ARM.Collect$$libinit$$0000001B)
    __rt_lib_init_clock_1                    0x08000209   Thumb Code     0  libinit2.o(.ARM.Collect$$libinit$$00000021)
    __rt_lib_init_cpp_1                      0x08000209   Thumb Code     0  libinit2.o(.ARM.Collect$$libinit$$00000032)
    __rt_lib_init_exceptions_1               0x08000209   Thumb Code     0  libinit2.o(.ARM.Collect$$libinit$$00000030)
    __rt_lib_init_fp_1                       0x08000209   Thumb Code     0  libinit2.o(.ARM.Collect$$libinit$$00000002)
    __rt_lib_init_fp_trap_1                  0x08000209   Thumb Code     0  libinit2.o(.ARM.Collect$$libinit$$0000001F)
    __rt_lib_init_getenv_1                   0x08000209   Thumb Code     0  libinit2.o(.ARM.Collect$$libinit$$00000023)
    __rt_lib_init_heap_1                     0x08000209   Thumb Code     0  libinit2.o(.ARM.Collect$$libinit$$0000000A)
    __rt_lib_init_lc_collate_1               0x08000209   Thumb Code     0  libinit2.o(.ARM.Collect$$libinit$$00000011)
    __rt_lib_init_lc_ctype_1                 0x08000209   Thumb Code     0  libinit2.o(.ARM.Collect$$libinit$$00000013)
    __rt_lib_init_lc_monetary_1              0x08000209   Thumb Code     0  libinit2.o(.ARM.Collect$$libinit$$00000015)
    __rt_lib_init_lc_numeric_1               0x08000209   Thumb Code     0  libinit2.o(.ARM.Collect$$libinit$$00000017)
    __rt_lib_init_lc_time_1                  0x08000209   Thumb Code     0  libinit2.o(.ARM.Collect$$libinit$$00000019)
    __rt_lib_init_preinit_1                  0x08000209   Thumb Code     0  libinit2.o(.ARM.Collect$$libinit$$00000004)
    __rt_lib_init_rand_1                     0x08000209   Thumb Code     0  libinit2.o(.ARM.Collect$$libinit$$0000000E)
    __rt_lib_init_return                     0x08000209   Thumb Code     0  libinit2.o(.ARM.Collect$$libinit$$00000033)
    __rt_lib_init_signal_1                   0x08000209   Thumb Code     0  libinit2.o(.ARM.Collect$$libinit$$0000001D)
    __rt_lib_init_stdio_1                    0x08000209   Thumb Code     0  libinit2.o(.ARM.Collect$$libinit$$00000025)
    __rt_lib_init_user_alloc_1               0x08000209   Thumb Code     0  libinit2.o(.ARM.Collect$$libinit$$0000000C)
    __rt_lib_shutdown                        0x0800020b   Thumb Code     0  libshutdown.o(.ARM.Collect$$libshutdown$$00000000)
    __rt_lib_shutdown_fp_trap_1              0x0800020d   Thumb Code     0  libshutdown2.o(.ARM.Collect$$libshutdown$$00000006)
    __rt_lib_shutdown_heap_1                 0x0800020d   Thumb Code     0  libshutdown2.o(.ARM.Collect$$libshutdown$$0000000E)
    __rt_lib_shutdown_return                 0x0800020d   Thumb Code     0  libshutdown2.o(.ARM.Collect$$libshutdown$$0000000F)
    __rt_lib_shutdown_signal_1               0x0800020d   Thumb Code     0  libshutdown2.o(.ARM.Collect$$libshutdown$$00000009)
    __rt_lib_shutdown_stdio_1                0x0800020d   Thumb Code     0  libshutdown2.o(.ARM.Collect$$libshutdown$$00000003)
    __rt_lib_shutdown_user_alloc_1           0x0800020d   Thumb Code     0  libshutdown2.o(.ARM.Collect$$libshutdown$$0000000B)
    __rt_entry                               0x0800020f   Thumb Code     0  __rtentry.o(.ARM.Collect$$rtentry$$00000000)
    __rt_entry_presh_1                       0x0800020f   Thumb Code     0  __rtentry2.o(.ARM.Collect$$rtentry$$00000002)
    __rt_entry_sh                            0x0800020f   Thumb Code     0  __rtentry4.o(.ARM.Collect$$rtentry$$00000004)
    __rt_entry_li                            0x08000215   Thumb Code     0  __rtentry2.o(.ARM.Collect$$rtentry$$0000000A)
    __rt_entry_postsh_1                      0x08000215   Thumb Code     0  __rtentry2.o(.ARM.Collect$$rtentry$$00000009)
    __rt_entry_main                          0x08000219   Thumb Code     0  __rtentry2.o(.ARM.Collect$$rtentry$$0000000D)
    __rt_entry_postli_1                      0x08000219   Thumb Code     0  __rtentry2.o(.ARM.Collect$$rtentry$$0000000C)
    __rt_exit                                0x08000221   Thumb Code     0  rtexit.o(.ARM.Collect$$rtexit$$00000000)
    __rt_exit_ls                             0x08000223   Thumb Code     0  rtexit2.o(.ARM.Collect$$rtexit$$00000003)
    __rt_exit_prels_1                        0x08000223   Thumb Code     0  rtexit2.o(.ARM.Collect$$rtexit$$00000002)
    __rt_exit_exit                           0x08000227   Thumb Code     0  rtexit2.o(.ARM.Collect$$rtexit$$00000004)
    Reset_Handler                            0x0800022d   Thumb Code     4  startup_stm32f10x_hd.o(.text)
    NMI_Handler                              0x08000231   Thumb Code     2  startup_stm32f10x_hd.o(.text)
    HardFault_Handler                        0x08000233   Thumb Code     2  startup_stm32f10x_hd.o(.text)
    MemManage_Handler                        0x08000235   Thumb Code     2  startup_stm32f10x_hd.o(.text)
    BusFault_Handler                         0x08000237   Thumb Code     2  startup_stm32f10x_hd.o(.text)
    UsageFault_Handler                       0x08000239   Thumb Code     2  startup_stm32f10x_hd.o(.text)
    SVC_Handler                              0x0800023b   Thumb Code     2  startup_stm32f10x_hd.o(.text)
    DebugMon_Handler                         0x0800023d   Thumb Code     2  startup_stm32f10x_hd.o(.text)
    PendSV_Handler                           0x0800023f   Thumb Code     2  startup_stm32f10x_hd.o(.text)
    SysTick_Handler                          0x08000241   Thumb Code     2  startup_stm32f10x_hd.o(.text)
    ADC1_2_IRQHandler                        0x08000243   Thumb Code     0  startup_stm32f10x_hd.o(.text)
    ADC3_IRQHandler                          0x08000243   Thumb Code     0  startup_stm32f10x_hd.o(.text)
    CAN1_RX1_IRQHandler                      0x08000243   Thumb Code     0  startup_stm32f10x_hd.o(.text)
    CAN1_SCE_IRQHandler                      0x08000243   Thumb Code     0  startup_stm32f10x_hd.o(.text)
    DMA1_Channel1_IRQHandler                 0x08000243   Thumb Code     0  startup_stm32f10x_hd.o(.text)
    DMA1_Channel2_IRQHandler                 0x08000243   Thumb Code     0  startup_stm32f10x_hd.o(.text)
    DMA1_Channel3_IRQHandler                 0x08000243   Thumb Code     0  startup_stm32f10x_hd.o(.text)
    DMA1_Channel4_IRQHandler                 0x08000243   Thumb Code     0  startup_stm32f10x_hd.o(.text)
    DMA1_Channel5_IRQHandler                 0x08000243   Thumb Code     0  startup_stm32f10x_hd.o(.text)
    DMA1_Channel6_IRQHandler                 0x08000243   Thumb Code     0  startup_stm32f10x_hd.o(.text)
    DMA1_Channel7_IRQHandler                 0x08000243   Thumb Code     0  startup_stm32f10x_hd.o(.text)
    DMA2_Channel1_IRQHandler                 0x08000243   Thumb Code     0  startup_stm32f10x_hd.o(.text)
    DMA2_Channel2_IRQHandler                 0x08000243   Thumb Code     0  startup_stm32f10x_hd.o(.text)
    DMA2_Channel3_IRQHandler                 0x08000243   Thumb Code     0  startup_stm32f10x_hd.o(.text)
    DMA2_Channel4_5_IRQHandler               0x08000243   Thumb Code     0  startup_stm32f10x_hd.o(.text)
    EXTI15_10_IRQHandler                     0x08000243   Thumb Code     0  startup_stm32f10x_hd.o(.text)
    EXTI1_IRQHandler                         0x08000243   Thumb Code     0  startup_stm32f10x_hd.o(.text)
    FLASH_IRQHandler                         0x08000243   Thumb Code     0  startup_stm32f10x_hd.o(.text)
    FSMC_IRQHandler                          0x08000243   Thumb Code     0  startup_stm32f10x_hd.o(.text)
    I2C1_ER_IRQHandler                       0x08000243   Thumb Code     0  startup_stm32f10x_hd.o(.text)
    I2C1_EV_IRQHandler                       0x08000243   Thumb Code     0  startup_stm32f10x_hd.o(.text)
    I2C2_ER_IRQHandler                       0x08000243   Thumb Code     0  startup_stm32f10x_hd.o(.text)
    I2C2_EV_IRQHandler                       0x08000243   Thumb Code     0  startup_stm32f10x_hd.o(.text)
    PVD_IRQHandler                           0x08000243   Thumb Code     0  startup_stm32f10x_hd.o(.text)
    RCC_IRQHandler                           0x08000243   Thumb Code     0  startup_stm32f10x_hd.o(.text)
    RTCAlarm_IRQHandler                      0x08000243   Thumb Code     0  startup_stm32f10x_hd.o(.text)
    RTC_IRQHandler                           0x08000243   Thumb Code     0  startup_stm32f10x_hd.o(.text)
    SDIO_IRQHandler                          0x08000243   Thumb Code     0  startup_stm32f10x_hd.o(.text)
    SPI1_IRQHandler                          0x08000243   Thumb Code     0  startup_stm32f10x_hd.o(.text)
    SPI2_IRQHandler                          0x08000243   Thumb Code     0  startup_stm32f10x_hd.o(.text)
    SPI3_IRQHandler                          0x08000243   Thumb Code     0  startup_stm32f10x_hd.o(.text)
    TAMPER_IRQHandler                        0x08000243   Thumb Code     0  startup_stm32f10x_hd.o(.text)
    TIM1_BRK_IRQHandler                      0x08000243   Thumb Code     0  startup_stm32f10x_hd.o(.text)
    TIM1_CC_IRQHandler                       0x08000243   Thumb Code     0  startup_stm32f10x_hd.o(.text)
    TIM1_TRG_COM_IRQHandler                  0x08000243   Thumb Code     0  startup_stm32f10x_hd.o(.text)
    TIM1_UP_IRQHandler                       0x08000243   Thumb Code     0  startup_stm32f10x_hd.o(.text)
    TIM2_IRQHandler                          0x08000243   Thumb Code     0  startup_stm32f10x_hd.o(.text)
    TIM7_IRQHandler                          0x08000243   Thumb Code     0  startup_stm32f10x_hd.o(.text)
    TIM8_BRK_IRQHandler                      0x08000243   Thumb Code     0  startup_stm32f10x_hd.o(.text)
    TIM8_CC_IRQHandler                       0x08000243   Thumb Code     0  startup_stm32f10x_hd.o(.text)
    TIM8_TRG_COM_IRQHandler                  0x08000243   Thumb Code     0  startup_stm32f10x_hd.o(.text)
    TIM8_UP_IRQHandler                       0x08000243   Thumb Code     0  startup_stm32f10x_hd.o(.text)
    UART4_IRQHandler                         0x08000243   Thumb Code     0  startup_stm32f10x_hd.o(.text)
    UART5_IRQHandler                         0x08000243   Thumb Code     0  startup_stm32f10x_hd.o(.text)
    USART2_IRQHandler                        0x08000243   Thumb Code     0  startup_stm32f10x_hd.o(.text)
    USART3_IRQHandler                        0x08000243   Thumb Code     0  startup_stm32f10x_hd.o(.text)
    USBWakeUp_IRQHandler                     0x08000243   Thumb Code     0  startup_stm32f10x_hd.o(.text)
    USB_HP_CAN1_TX_IRQHandler                0x08000243   Thumb Code     0  startup_stm32f10x_hd.o(.text)
    USB_LP_CAN1_RX0_IRQHandler               0x08000243   Thumb Code     0  startup_stm32f10x_hd.o(.text)
    WWDG_IRQHandler                          0x08000243   Thumb Code     0  startup_stm32f10x_hd.o(.text)
    __user_initial_stackheap                 0x08000245   Thumb Code     0  startup_stm32f10x_hd.o(.text)
    __use_no_semihosting                     0x08000261   Thumb Code     2  use_no_semi_2.o(.text)
    __2printf                                0x08000265   Thumb Code    20  noretval__2printf.o(.text)
    __2sprintf                               0x0800027d   Thumb Code    34  noretval__2sprintf.o(.text)
    _printf_pre_padding                      0x080002a5   Thumb Code    44  _printf_pad.o(.text)
    _printf_post_padding                     0x080002d1   Thumb Code    34  _printf_pad.o(.text)
    _printf_str                              0x080002f3   Thumb Code    82  _printf_str.o(.text)
    _printf_int_dec                          0x08000345   Thumb Code   104  _printf_dec.o(.text)
    _printf_int_hex                          0x080003bd   Thumb Code    84  _printf_hex_int.o(.text)
    _printf_longlong_hex                     0x080003bd   Thumb Code     0  _printf_hex_int.o(.text)
    __printf                                 0x08000415   Thumb Code   388  __printf_flags_ss_wp.o(.text)
    __use_two_region_memory                  0x0800059d   Thumb Code     2  heapauxi.o(.text)
    __rt_heap_escrow$2region                 0x0800059f   Thumb Code     2  heapauxi.o(.text)
    __rt_heap_expand$2region                 0x080005a1   Thumb Code     2  heapauxi.o(.text)
    __I$use$semihosting                      0x080005a3   Thumb Code     0  use_no_semi.o(.text)
    __use_no_semihosting_swi                 0x080005a3   Thumb Code     2  use_no_semi.o(.text)
    _printf_int_common                       0x080005a5   Thumb Code   178  _printf_intcommon.o(.text)
    _printf_char_common                      0x08000663   Thumb Code    32  _printf_char_common.o(.text)
    _sputc                                   0x08000689   Thumb Code    10  _sputc.o(.text)
    _printf_cs_common                        0x08000693   Thumb Code    20  _printf_char.o(.text)
    _printf_char                             0x080006a7   Thumb Code    16  _printf_char.o(.text)
    _printf_string                           0x080006b7   Thumb Code     8  _printf_char.o(.text)
    _printf_char_file                        0x080006c1   Thumb Code    32  _printf_char_file.o(.text)
    ferror                                   0x080006e5   Thumb Code     8  ferror.o(.text)
    __user_setup_stackheap                   0x080006ed   Thumb Code    74  sys_stackheap_outer.o(.text)
    exit                                     0x08000737   Thumb Code    12  exit.o(.text)
    __user_libspace                          0x08000745   Thumb Code     8  libspace.o(.text)
    __user_perproc_libspace                  0x08000745   Thumb Code     0  libspace.o(.text)
    __user_perthread_libspace                0x08000745   Thumb Code     0  libspace.o(.text)
    EXTI0_IRQHandler                         0x0800074d   Thumb Code    44  exti.o(i.EXTI0_IRQHandler)
    EXTI2_IRQHandler                         0x08000785   Thumb Code    42  exti.o(i.EXTI2_IRQHandler)
    EXTI3_IRQHandler                         0x080007bd   Thumb Code    40  exti.o(i.EXTI3_IRQHandler)
    EXTI4_IRQHandler                         0x080007ed   Thumb Code    58  exti.o(i.EXTI4_IRQHandler)
    EXTI8_Init                               0x08000835   Thumb Code    28  exti.o(i.EXTI8_Init)
    EXTI9_5_IRQHandler                       0x08000851   Thumb Code    62  exti.o(i.EXTI9_5_IRQHandler)
    Ex_NVIC_Config                           0x080008a5   Thumb Code    84  sys.o(i.Ex_NVIC_Config)
    JTAG_Set                                 0x08000905   Thumb Code    30  sys.o(i.JTAG_Set)
    KEY_Init                                 0x0800092d   Thumb Code    68  key.o(i.KEY_Init)
    KEY_Scan                                 0x08000985   Thumb Code   138  key.o(i.KEY_Scan)
    LCD_Clear                                0x08000a1d   Thumb Code   100  ili93xx.o(i.LCD_Clear)
    LCD_Display_Dir                          0x08000a89   Thumb Code   304  ili93xx.o(i.LCD_Display_Dir)
    LCD_Fast_DrawPoint                       0x08000bbd   Thumb Code   276  ili93xx.o(i.LCD_Fast_DrawPoint)
    LCD_Fill                                 0x08000cd9   Thumb Code   132  ili93xx.o(i.LCD_Fill)
    LCD_Init                                 0x08000d65   Thumb Code 11860  ili93xx.o(i.LCD_Init)
    LCD_RD_DATA                              0x08003bbd   Thumb Code    16  ili93xx.o(i.LCD_RD_DATA)
    LCD_ReadReg                              0x08003bd1   Thumb Code    20  ili93xx.o(i.LCD_ReadReg)
    LCD_SSD_BackLightSet                     0x08003be9   Thumb Code    50  ili93xx.o(i.LCD_SSD_BackLightSet)
    LCD_Scan_Dir                             0x08003c25   Thumb Code   414  ili93xx.o(i.LCD_Scan_Dir)
    LCD_SetCursor                            0x08003dcd   Thumb Code   320  ili93xx.o(i.LCD_SetCursor)
    LCD_Set_Window                           0x08003f15   Thumb Code   370  ili93xx.o(i.LCD_Set_Window)
    LCD_ShowChar                             0x08004091   Thumb Code   182  ili93xx.o(i.LCD_ShowChar)
    LCD_ShowString                           0x0800415d   Thumb Code    84  ili93xx.o(i.LCD_ShowString)
    LCD_WriteRAM_Prepare                     0x080041b1   Thumb Code    10  ili93xx.o(i.LCD_WriteRAM_Prepare)
    LCD_WriteReg                             0x080041c5   Thumb Code    10  ili93xx.o(i.LCD_WriteReg)
    LED_Init                                 0x080041d5   Thumb Code    80  led.o(i.LED_Init)
    MYRCC_DeInit                             0x08004231   Thumb Code    64  sys.o(i.MYRCC_DeInit)
    MY_NVIC_Init                             0x0800427d   Thumb Code    74  sys.o(i.MY_NVIC_Init)
    MY_NVIC_PriorityGroupConfig              0x080042c9   Thumb Code    26  sys.o(i.MY_NVIC_PriorityGroupConfig)
    MY_NVIC_SetVectorTable                   0x080042ed   Thumb Code    12  sys.o(i.MY_NVIC_SetVectorTable)
    OV7670_Brightness                        0x08004301   Thumb Code    38  ov7670.o(i.OV7670_Brightness)
    OV7670_Color_Saturation                  0x08004327   Thumb Code   114  ov7670.o(i.OV7670_Color_Saturation)
    OV7670_Contrast                          0x08004399   Thumb Code    38  ov7670.o(i.OV7670_Contrast)
    OV7670_Init                              0x080043c1   Thumb Code   258  ov7670.o(i.OV7670_Init)
    OV7670_Light_Mode                        0x080044e1   Thumb Code    82  ov7670.o(i.OV7670_Light_Mode)
    OV7670_Special_Effects                   0x08004533   Thumb Code    84  ov7670.o(i.OV7670_Special_Effects)
    OV7670_Window_Set                        0x08004587   Thumb Code   110  ov7670.o(i.OV7670_Window_Set)
    OV7670_camera_refresh                    0x080045f5   Thumb Code   228  test.o(i.OV7670_camera_refresh)
    OV7725_Brightness                        0x080046f5   Thumb Code    78  ov7725.o(i.OV7725_Brightness)
    OV7725_Color_Saturation                  0x08004743   Thumb Code    34  ov7725.o(i.OV7725_Color_Saturation)
    OV7725_Contrast                          0x08004765   Thumb Code    22  ov7725.o(i.OV7725_Contrast)
    OV7725_Init                              0x0800477d   Thumb Code   312  ov7725.o(i.OV7725_Init)
    OV7725_Light_Mode                        0x080048e9   Thumb Code   152  ov7725.o(i.OV7725_Light_Mode)
    OV7725_Special_Effects                   0x08004981   Thumb Code   138  ov7725.o(i.OV7725_Special_Effects)
    OV7725_Window_Set                        0x08004a0b   Thumb Code   326  ov7725.o(i.OV7725_Window_Set)
    OV7725_camera_refresh                    0x08004b51   Thumb Code   224  test.o(i.OV7725_camera_refresh)
    SCCB_Init                                0x08004c4d   Thumb Code    92  sccb.o(i.SCCB_Init)
    SCCB_No_Ack                              0x08004cb5   Thumb Code    58  sccb.o(i.SCCB_No_Ack)
    SCCB_RD_Byte                             0x08004cf9   Thumb Code   102  sccb.o(i.SCCB_RD_Byte)
    SCCB_RD_Reg                              0x08004d6d   Thumb Code    76  sccb.o(i.SCCB_RD_Reg)
    SCCB_Start                               0x08004db9   Thumb Code    44  sccb.o(i.SCCB_Start)
    SCCB_Stop                                0x08004ded   Thumb Code    46  sccb.o(i.SCCB_Stop)
    SCCB_WR_Byte                             0x08004e25   Thumb Code   130  sccb.o(i.SCCB_WR_Byte)
    SCCB_WR_Reg                              0x08004eb5   Thumb Code    62  sccb.o(i.SCCB_WR_Reg)
    Stm32_Clock_Init                         0x08004ef5   Thumb Code    98  sys.o(i.Stm32_Clock_Init)
    TIM3_IRQHandler                          0x08004f61   Thumb Code    36  timer.o(i.TIM3_IRQHandler)
    TIM4_IRQHandler                          0x08004f8d   Thumb Code    44  usmart.o(i.TIM4_IRQHandler)
    TIM5_CH2_Cap_Init                        0x08004fc1   Thumb Code    94  tpad.o(i.TIM5_CH2_Cap_Init)
    TIM5_IRQHandler                          0x0800502d   Thumb Code   108  timer.o(i.TIM5_IRQHandler)
    TIM6_IRQHandler                          0x080050a5   Thumb Code    34  timer.o(i.TIM6_IRQHandler)
    TIM6_Int_Init                            0x080050e1   Thumb Code    44  timer.o(i.TIM6_Int_Init)
    TPAD_Get_MaxVal                          0x08005115   Thumb Code    28  tpad.o(i.TPAD_Get_MaxVal)
    TPAD_Get_Val                             0x08005131   Thumb Code    40  tpad.o(i.TPAD_Get_Val)
    TPAD_Init                                0x0800515d   Thumb Code   140  tpad.o(i.TPAD_Init)
    TPAD_Reset                               0x08005205   Thumb Code    68  tpad.o(i.TPAD_Reset)
    TPAD_Scan                                0x08005251   Thumb Code    58  tpad.o(i.TPAD_Scan)
    Timer4_Init                              0x08005291   Thumb Code    54  usmart.o(i.Timer4_Init)
    USART1_IRQHandler                        0x080052d1   Thumb Code    80  usart.o(i.USART1_IRQHandler)
    _is_digit                                0x0800532d   Thumb Code    14  __printf_wp.o(i._is_digit)
    _sys_exit                                0x0800533b   Thumb Code     2  usart.o(i._sys_exit)
    delay_init                               0x0800533d   Thumb Code    38  delay.o(i.delay_init)
    delay_ms                                 0x08005369   Thumb Code    36  delay.o(i.delay_ms)
    delay_us                                 0x08005391   Thumb Code    36  delay.o(i.delay_us)
    fputc                                    0x080053b9   Thumb Code    18  usart.o(i.fputc)
    main                                     0x080053d1   Thumb Code  1416  test.o(i.main)
    read_addr                                0x0800595d   Thumb Code     4  usmart.o(i.read_addr)
    uart_init                                0x08005961   Thumb Code   158  usart.o(i.uart_init)
    usmart_cmd_rec                           0x08005a11   Thumb Code   144  usmart.o(i.usmart_cmd_rec)
    usmart_exe                               0x08005aa5   Thumb Code   510  usmart.o(i.usmart_exe)
    usmart_get_aparm                         0x08005d05   Thumb Code   164  usmart_str.o(i.usmart_get_aparm)
    usmart_get_cmdname                       0x08005da9   Thumb Code    46  usmart_str.o(i.usmart_get_cmdname)
    usmart_get_fname                         0x08005dd9   Thumb Code   352  usmart_str.o(i.usmart_get_fname)
    usmart_get_fparam                        0x08005f41   Thumb Code   202  usmart_str.o(i.usmart_get_fparam)
    usmart_get_parmpos                       0x08006011   Thumb Code    30  usmart_str.o(i.usmart_get_parmpos)
    usmart_get_runtime                       0x08006035   Thumb Code    38  usmart.o(i.usmart_get_runtime)
    usmart_init                              0x08006065   Thumb Code    36  usmart.o(i.usmart_init)
    usmart_pow                               0x0800608d   Thumb Code    16  usmart_str.o(i.usmart_pow)
    usmart_reset_runtime                     0x0800609d   Thumb Code    36  usmart.o(i.usmart_reset_runtime)
    usmart_scan                              0x080060c9   Thumb Code    94  usmart.o(i.usmart_scan)
    usmart_search_nextc                      0x0800616d   Thumb Code    16  usmart_str.o(i.usmart_search_nextc)
    usmart_str2num                           0x0800617d   Thumb Code   214  usmart_str.o(i.usmart_str2num)
    usmart_strcmp                            0x08006253   Thumb Code    24  usmart_str.o(i.usmart_strcmp)
    usmart_strcopy                           0x0800626b   Thumb Code    18  usmart_str.o(i.usmart_strcopy)
    usmart_strlen                            0x0800627d   Thumb Code    18  usmart_str.o(i.usmart_strlen)
    usmart_sys_cmd_exe                       0x08006291   Thumb Code  1458  usmart.o(i.usmart_sys_cmd_exe)
    write_addr                               0x08006911   Thumb Code     4  usmart.o(i.write_addr)
    __aeabi_d2uiz                            0x08006915   Thumb Code     0  dfixu.o(x$fpl$dfixu)
    _dfixu                                   0x08006915   Thumb Code    90  dfixu.o(x$fpl$dfixu)
    __aeabi_ui2d                             0x0800696f   Thumb Code     0  dflt_clz.o(x$fpl$dfltu)
    _dfltu                                   0x0800696f   Thumb Code    38  dflt_clz.o(x$fpl$dfltu)
    __aeabi_dmul                             0x08006995   Thumb Code     0  dmul.o(x$fpl$dmul)
    _dmul                                    0x08006995   Thumb Code   332  dmul.o(x$fpl$dmul)
    __fpl_dnaninf                            0x08006ae9   Thumb Code   156  dnaninf.o(x$fpl$dnaninf)
    __fpl_dretinf                            0x08006b85   Thumb Code    12  dretinf.o(x$fpl$dretinf)
    __aeabi_fadd                             0x08006b91   Thumb Code     0  faddsub_clz.o(x$fpl$fadd)
    _fadd                                    0x08006b91   Thumb Code   196  faddsub_clz.o(x$fpl$fadd)
    __fpl_fcheck_NaN1                        0x08006c55   Thumb Code     6  fcheck1.o(x$fpl$fcheck1)
    __aeabi_fdiv                             0x08006c61   Thumb Code     0  fdiv.o(x$fpl$fdiv)
    _fdiv                                    0x08006c61   Thumb Code   384  fdiv.o(x$fpl$fdiv)
    __aeabi_f2uiz                            0x08006de5   Thumb Code     0  ffixu.o(x$fpl$ffixu)
    _ffixu                                   0x08006de5   Thumb Code    62  ffixu.o(x$fpl$ffixu)
    __aeabi_ui2f                             0x08006e25   Thumb Code     0  fflt_clz.o(x$fpl$ffltu)
    _ffltu                                   0x08006e25   Thumb Code    38  fflt_clz.o(x$fpl$ffltu)
    __fpl_fnaninf                            0x08006e4b   Thumb Code   140  fnaninf.o(x$fpl$fnaninf)
    __fpl_fretinf                            0x08006ed7   Thumb Code    10  fretinf.o(x$fpl$fretinf)
    __aeabi_frsub                            0x08006ee1   Thumb Code     0  faddsub_clz.o(x$fpl$frsb)
    _frsb                                    0x08006ee1   Thumb Code    20  faddsub_clz.o(x$fpl$frsb)
    __aeabi_fsub                             0x08006ef5   Thumb Code     0  faddsub_clz.o(x$fpl$fsub)
    _fsub                                    0x08006ef5   Thumb Code   234  faddsub_clz.o(x$fpl$fsub)
    __fpl_return_NaN                         0x08006fdf   Thumb Code   100  retnan.o(x$fpl$retnan)
    __ARM_scalbnf                            0x08007043   Thumb Code    76  scalbnf.o(x$fpl$scalbnf)
    __fpl_cmpreturn                          0x0800708f   Thumb Code    48  trapv.o(x$fpl$trapveneer)
    __I$use$fp                               0x080070be   Number         0  usenofp.o(x$fpl$usenofp)
    asc2_1206                                0x080070be   Data        1140  ili93xx.o(.constdata)
    asc2_1608                                0x08007532   Data        1520  ili93xx.o(.constdata)
    asc2_2412                                0x08007b22   Data        3420  ili93xx.o(.constdata)
    ov7670_init_reg_tbl                      0x0800887e   Data         336  ov7670.o(.constdata)
    ov7725_init_reg_tb1                      0x080089ce   Data         130  ov7725.o(.constdata)
    Region$$Table$$Base                      0x08008c90   Number         0  anon$$obj.o(Region$$Table)
    Region$$Table$$Limit                     0x08008cb0   Number         0  anon$$obj.o(Region$$Table)
    LMODE_TBL                                0x20000000   Data          24  test.o(.data)
    EFFECTS_TBL                              0x20000018   Data          28  test.o(.data)
    USART_RX_STA                             0x20000038   Data           2  usart.o(.data)
    __stdout                                 0x2000003c   Data           4  usart.o(.data)
    POINT_COLOR                              0x20000040   Data           2  ili93xx.o(.data)
    BACK_COLOR                               0x20000042   Data           2  ili93xx.o(.data)
    ov_sta                                   0x20000045   Data           1  exti.o(.data)
    tpad_default_val                         0x20000048   Data           2  tpad.o(.data)
    TIM5CH1_CAPTURE_STA                      0x2000004a   Data           1  timer.o(.data)
    ov_frame                                 0x2000004b   Data           1  timer.o(.data)
    TIM5CH1_CAPTURE_VAL                      0x2000004c   Data           2  timer.o(.data)
    sys_cmd_tab                              0x20000050   Data          28  usmart.o(.data)
    usmart_nametab                           0x2000006c   Data          88  usmart_config.o(.data)
    usmart_dev                               0x200000c4   Data         244  usmart_config.o(.data)
    USART_RX_BUF                             0x200001b8   Data         200  usart.o(.bss)
    lcddev                                   0x20000280   Data          14  ili93xx.o(.bss)
    __libspace_start                         0x20000290   Data          96  libspace.o(.bss)
    __temporary_stack_top$libspace           0x200002f0   Data           0  libspace.o(.bss)



==============================================================================

Memory Map of the image

  Image Entry point : 0x08000131

  Load Region LR_IROM1 (Base: 0x08000000, Size: 0x00008e68, Max: 0x00040000, ABSOLUTE, COMPRESSED[0x00008d54])

    Execution Region ER_IROM1 (Base: 0x08000000, Size: 0x00008cb0, Max: 0x00040000, ABSOLUTE)

    Base Addr    Size         Type   Attr      Idx    E Section Name        Object

    0x08000000   0x00000130   Data   RO            3    RESET               startup_stm32f10x_hd.o
    0x08000130   0x00000008   Code   RO         1035  * !!!main             c_w.l(__main.o)
    0x08000138   0x00000034   Code   RO         1257    !!!scatter          c_w.l(__scatter.o)
    0x0800016c   0x0000005a   Code   RO         1255    !!dczerorl2         c_w.l(__dczerorl2.o)
    0x080001c6   0x00000002   PAD
    0x080001c8   0x0000001c   Code   RO         1259    !!handler_zi        c_w.l(__scatter_zi.o)
    0x080001e4   0x00000000   Code   RO         1032    .ARM.Collect$$_printf_percent$$00000000  c_w.l(_printf_percent.o)
    0x080001e4   0x00000006   Code   RO         1030    .ARM.Collect$$_printf_percent$$00000009  c_w.l(_printf_d.o)
    0x080001ea   0x00000006   Code   RO         1031    .ARM.Collect$$_printf_percent$$0000000A  c_w.l(_printf_u.o)
    0x080001f0   0x00000006   Code   RO         1029    .ARM.Collect$$_printf_percent$$0000000C  c_w.l(_printf_x.o)
    0x080001f6   0x00000006   Code   RO         1027    .ARM.Collect$$_printf_percent$$00000013  c_w.l(_printf_c.o)
    0x080001fc   0x00000006   Code   RO         1028    .ARM.Collect$$_printf_percent$$00000014  c_w.l(_printf_s.o)
    0x08000202   0x00000004   Code   RO         1084    .ARM.Collect$$_printf_percent$$00000017  c_w.l(_printf_percent_end.o)
    0x08000206   0x00000002   Code   RO         1128    .ARM.Collect$$libinit$$00000000  c_w.l(libinit.o)
    0x08000208   0x00000000   Code   RO         1137    .ARM.Collect$$libinit$$00000002  c_w.l(libinit2.o)
    0x08000208   0x00000000   Code   RO         1139    .ARM.Collect$$libinit$$00000004  c_w.l(libinit2.o)
    0x08000208   0x00000000   Code   RO         1142    .ARM.Collect$$libinit$$0000000A  c_w.l(libinit2.o)
    0x08000208   0x00000000   Code   RO         1144    .ARM.Collect$$libinit$$0000000C  c_w.l(libinit2.o)
    0x08000208   0x00000000   Code   RO         1146    .ARM.Collect$$libinit$$0000000E  c_w.l(libinit2.o)
    0x08000208   0x00000000   Code   RO         1149    .ARM.Collect$$libinit$$00000011  c_w.l(libinit2.o)
    0x08000208   0x00000000   Code   RO         1151    .ARM.Collect$$libinit$$00000013  c_w.l(libinit2.o)
    0x08000208   0x00000000   Code   RO         1153    .ARM.Collect$$libinit$$00000015  c_w.l(libinit2.o)
    0x08000208   0x00000000   Code   RO         1155    .ARM.Collect$$libinit$$00000017  c_w.l(libinit2.o)
    0x08000208   0x00000000   Code   RO         1157    .ARM.Collect$$libinit$$00000019  c_w.l(libinit2.o)
    0x08000208   0x00000000   Code   RO         1159    .ARM.Collect$$libinit$$0000001B  c_w.l(libinit2.o)
    0x08000208   0x00000000   Code   RO         1161    .ARM.Collect$$libinit$$0000001D  c_w.l(libinit2.o)
    0x08000208   0x00000000   Code   RO         1163    .ARM.Collect$$libinit$$0000001F  c_w.l(libinit2.o)
    0x08000208   0x00000000   Code   RO         1165    .ARM.Collect$$libinit$$00000021  c_w.l(libinit2.o)
    0x08000208   0x00000000   Code   RO         1167    .ARM.Collect$$libinit$$00000023  c_w.l(libinit2.o)
    0x08000208   0x00000000   Code   RO         1169    .ARM.Collect$$libinit$$00000025  c_w.l(libinit2.o)
    0x08000208   0x00000000   Code   RO         1173    .ARM.Collect$$libinit$$0000002C  c_w.l(libinit2.o)
    0x08000208   0x00000000   Code   RO         1175    .ARM.Collect$$libinit$$0000002E  c_w.l(libinit2.o)
    0x08000208   0x00000000   Code   RO         1177    .ARM.Collect$$libinit$$00000030  c_w.l(libinit2.o)
    0x08000208   0x00000000   Code   RO         1179    .ARM.Collect$$libinit$$00000032  c_w.l(libinit2.o)
    0x08000208   0x00000002   Code   RO         1180    .ARM.Collect$$libinit$$00000033  c_w.l(libinit2.o)
    0x0800020a   0x00000002   Code   RO         1198    .ARM.Collect$$libshutdown$$00000000  c_w.l(libshutdown.o)
    0x0800020c   0x00000000   Code   RO         1209    .ARM.Collect$$libshutdown$$00000003  c_w.l(libshutdown2.o)
    0x0800020c   0x00000000   Code   RO         1212    .ARM.Collect$$libshutdown$$00000006  c_w.l(libshutdown2.o)
    0x0800020c   0x00000000   Code   RO         1215    .ARM.Collect$$libshutdown$$00000009  c_w.l(libshutdown2.o)
    0x0800020c   0x00000000   Code   RO         1217    .ARM.Collect$$libshutdown$$0000000B  c_w.l(libshutdown2.o)
    0x0800020c   0x00000000   Code   RO         1220    .ARM.Collect$$libshutdown$$0000000E  c_w.l(libshutdown2.o)
    0x0800020c   0x00000002   Code   RO         1221    .ARM.Collect$$libshutdown$$0000000F  c_w.l(libshutdown2.o)
    0x0800020e   0x00000000   Code   RO         1073    .ARM.Collect$$rtentry$$00000000  c_w.l(__rtentry.o)
    0x0800020e   0x00000000   Code   RO         1097    .ARM.Collect$$rtentry$$00000002  c_w.l(__rtentry2.o)
    0x0800020e   0x00000006   Code   RO         1109    .ARM.Collect$$rtentry$$00000004  c_w.l(__rtentry4.o)
    0x08000214   0x00000000   Code   RO         1099    .ARM.Collect$$rtentry$$00000009  c_w.l(__rtentry2.o)
    0x08000214   0x00000004   Code   RO         1100    .ARM.Collect$$rtentry$$0000000A  c_w.l(__rtentry2.o)
    0x08000218   0x00000000   Code   RO         1102    .ARM.Collect$$rtentry$$0000000C  c_w.l(__rtentry2.o)
    0x08000218   0x00000008   Code   RO         1103    .ARM.Collect$$rtentry$$0000000D  c_w.l(__rtentry2.o)
    0x08000220   0x00000002   Code   RO         1134    .ARM.Collect$$rtexit$$00000000  c_w.l(rtexit.o)
    0x08000222   0x00000000   Code   RO         1182    .ARM.Collect$$rtexit$$00000002  c_w.l(rtexit2.o)
    0x08000222   0x00000004   Code   RO         1183    .ARM.Collect$$rtexit$$00000003  c_w.l(rtexit2.o)
    0x08000226   0x00000006   Code   RO         1184    .ARM.Collect$$rtexit$$00000004  c_w.l(rtexit2.o)
    0x0800022c   0x00000034   Code   RO            4    .text               startup_stm32f10x_hd.o
    0x08000260   0x00000002   Code   RO          968    .text               c_w.l(use_no_semi_2.o)
    0x08000262   0x00000002   PAD
    0x08000264   0x00000018   Code   RO          974    .text               c_w.l(noretval__2printf.o)
    0x0800027c   0x00000028   Code   RO          976    .text               c_w.l(noretval__2sprintf.o)
    0x080002a4   0x0000004e   Code   RO          980    .text               c_w.l(_printf_pad.o)
    0x080002f2   0x00000052   Code   RO          982    .text               c_w.l(_printf_str.o)
    0x08000344   0x00000078   Code   RO          984    .text               c_w.l(_printf_dec.o)
    0x080003bc   0x00000058   Code   RO          989    .text               c_w.l(_printf_hex_int.o)
    0x08000414   0x00000188   Code   RO         1024    .text               c_w.l(__printf_flags_ss_wp.o)
    0x0800059c   0x00000006   Code   RO         1033    .text               c_w.l(heapauxi.o)
    0x080005a2   0x00000002   Code   RO         1071    .text               c_w.l(use_no_semi.o)
    0x080005a4   0x000000b2   Code   RO         1074    .text               c_w.l(_printf_intcommon.o)
    0x08000656   0x00000002   PAD
    0x08000658   0x00000030   Code   RO         1076    .text               c_w.l(_printf_char_common.o)
    0x08000688   0x0000000a   Code   RO         1078    .text               c_w.l(_sputc.o)
    0x08000692   0x0000002c   Code   RO         1080    .text               c_w.l(_printf_char.o)
    0x080006be   0x00000002   PAD
    0x080006c0   0x00000024   Code   RO         1082    .text               c_w.l(_printf_char_file.o)
    0x080006e4   0x00000008   Code   RO         1113    .text               c_w.l(ferror.o)
    0x080006ec   0x0000004a   Code   RO         1119    .text               c_w.l(sys_stackheap_outer.o)
    0x08000736   0x0000000c   Code   RO         1121    .text               c_w.l(exit.o)
    0x08000742   0x00000002   PAD
    0x08000744   0x00000008   Code   RO         1131    .text               c_w.l(libspace.o)
    0x0800074c   0x00000038   Code   RO          487    i.EXTI0_IRQHandler  exti.o
    0x08000784   0x00000038   Code   RO          488    i.EXTI2_IRQHandler  exti.o
    0x080007bc   0x00000030   Code   RO          489    i.EXTI3_IRQHandler  exti.o
    0x080007ec   0x00000048   Code   RO          490    i.EXTI4_IRQHandler  exti.o
    0x08000834   0x0000001c   Code   RO          491    i.EXTI8_Init        exti.o
    0x08000850   0x00000054   Code   RO          492    i.EXTI9_5_IRQHandler  exti.o
    0x080008a4   0x00000060   Code   RO          134    i.Ex_NVIC_Config    sys.o
    0x08000904   0x00000028   Code   RO          137    i.JTAG_Set          sys.o
    0x0800092c   0x00000058   Code   RO          468    i.KEY_Init          key.o
    0x08000984   0x00000098   Code   RO          469    i.KEY_Scan          key.o
    0x08000a1c   0x0000006c   Code   RO          268    i.LCD_Clear         ili93xx.o
    0x08000a88   0x00000134   Code   RO          272    i.LCD_Display_Dir   ili93xx.o
    0x08000bbc   0x0000011c   Code   RO          277    i.LCD_Fast_DrawPoint  ili93xx.o
    0x08000cd8   0x0000008c   Code   RO          278    i.LCD_Fill          ili93xx.o
    0x08000d64   0x00002e58   Code   RO          279    i.LCD_Init          ili93xx.o
    0x08003bbc   0x00000014   Code   RO          281    i.LCD_RD_DATA       ili93xx.o
    0x08003bd0   0x00000018   Code   RO          283    i.LCD_ReadReg       ili93xx.o
    0x08003be8   0x0000003c   Code   RO          284    i.LCD_SSD_BackLightSet  ili93xx.o
    0x08003c24   0x000001a8   Code   RO          285    i.LCD_Scan_Dir      ili93xx.o
    0x08003dcc   0x00000148   Code   RO          286    i.LCD_SetCursor     ili93xx.o
    0x08003f14   0x0000017c   Code   RO          287    i.LCD_Set_Window    ili93xx.o
    0x08004090   0x000000cc   Code   RO          288    i.LCD_ShowChar      ili93xx.o
    0x0800415c   0x00000054   Code   RO          290    i.LCD_ShowString    ili93xx.o
    0x080041b0   0x00000014   Code   RO          295    i.LCD_WriteRAM_Prepare  ili93xx.o
    0x080041c4   0x00000010   Code   RO          296    i.LCD_WriteReg      ili93xx.o
    0x080041d4   0x0000005c   Code   RO          255    i.LED_Init          led.o
    0x08004230   0x0000004c   Code   RO          138    i.MYRCC_DeInit      sys.o
    0x0800427c   0x0000004a   Code   RO          139    i.MY_NVIC_Init      sys.o
    0x080042c6   0x00000002   PAD
    0x080042c8   0x00000024   Code   RO          140    i.MY_NVIC_PriorityGroupConfig  sys.o
    0x080042ec   0x00000014   Code   RO          141    i.MY_NVIC_SetVectorTable  sys.o
    0x08004300   0x00000026   Code   RO          698    i.OV7670_Brightness  ov7670.o
    0x08004326   0x00000072   Code   RO          699    i.OV7670_Color_Saturation  ov7670.o
    0x08004398   0x00000026   Code   RO          700    i.OV7670_Contrast   ov7670.o
    0x080043be   0x00000002   PAD
    0x080043c0   0x00000120   Code   RO          701    i.OV7670_Init       ov7670.o
    0x080044e0   0x00000052   Code   RO          702    i.OV7670_Light_Mode  ov7670.o
    0x08004532   0x00000054   Code   RO          703    i.OV7670_Special_Effects  ov7670.o
    0x08004586   0x0000006e   Code   RO          704    i.OV7670_Window_Set  ov7670.o
    0x080045f4   0x00000100   Code   RO           10    i.OV7670_camera_refresh  test.o
    0x080046f4   0x0000004e   Code   RO          752    i.OV7725_Brightness  ov7725.o
    0x08004742   0x00000022   Code   RO          753    i.OV7725_Color_Saturation  ov7725.o
    0x08004764   0x00000016   Code   RO          754    i.OV7725_Contrast   ov7725.o
    0x0800477a   0x00000002   PAD
    0x0800477c   0x0000016c   Code   RO          755    i.OV7725_Init       ov7725.o
    0x080048e8   0x00000098   Code   RO          756    i.OV7725_Light_Mode  ov7725.o
    0x08004980   0x0000008a   Code   RO          757    i.OV7725_Special_Effects  ov7725.o
    0x08004a0a   0x00000146   Code   RO          758    i.OV7725_Window_Set  ov7725.o
    0x08004b50   0x000000fc   Code   RO           11    i.OV7725_camera_refresh  test.o
    0x08004c4c   0x00000068   Code   RO          645    i.SCCB_Init         sccb.o
    0x08004cb4   0x00000044   Code   RO          646    i.SCCB_No_Ack       sccb.o
    0x08004cf8   0x00000074   Code   RO          647    i.SCCB_RD_Byte      sccb.o
    0x08004d6c   0x0000004c   Code   RO          648    i.SCCB_RD_Reg       sccb.o
    0x08004db8   0x00000034   Code   RO          649    i.SCCB_Start        sccb.o
    0x08004dec   0x00000038   Code   RO          650    i.SCCB_Stop         sccb.o
    0x08004e24   0x00000090   Code   RO          651    i.SCCB_WR_Byte      sccb.o
    0x08004eb4   0x0000003e   Code   RO          652    i.SCCB_WR_Reg       sccb.o
    0x08004ef2   0x00000002   PAD
    0x08004ef4   0x0000006c   Code   RO          142    i.Stm32_Clock_Init  sys.o
    0x08004f60   0x0000002c   Code   RO          589    i.TIM3_IRQHandler   timer.o
    0x08004f8c   0x00000034   Code   RO          809    i.TIM4_IRQHandler   usmart.o
    0x08004fc0   0x0000006c   Code   RO          541    i.TIM5_CH2_Cap_Init  tpad.o
    0x0800502c   0x00000078   Code   RO          593    i.TIM5_IRQHandler   timer.o
    0x080050a4   0x0000003c   Code   RO          594    i.TIM6_IRQHandler   timer.o
    0x080050e0   0x00000034   Code   RO          595    i.TIM6_Int_Init     timer.o
    0x08005114   0x0000001c   Code   RO          542    i.TPAD_Get_MaxVal   tpad.o
    0x08005130   0x0000002c   Code   RO          543    i.TPAD_Get_Val      tpad.o
    0x0800515c   0x000000a8   Code   RO          544    i.TPAD_Init         tpad.o
    0x08005204   0x0000004c   Code   RO          545    i.TPAD_Reset        tpad.o
    0x08005250   0x00000040   Code   RO          546    i.TPAD_Scan         tpad.o
    0x08005290   0x00000040   Code   RO          810    i.Timer4_Init       usmart.o
    0x080052d0   0x0000005c   Code   RO          213    i.USART1_IRQHandler  usart.o
    0x0800532c   0x0000000e   Code   RO         1017    i._is_digit         c_w.l(__printf_wp.o)
    0x0800533a   0x00000002   Code   RO          214    i._sys_exit         usart.o
    0x0800533c   0x0000002c   Code   RO          107    i.delay_init        delay.o
    0x08005368   0x00000028   Code   RO          108    i.delay_ms          delay.o
    0x08005390   0x00000028   Code   RO          109    i.delay_us          delay.o
    0x080053b8   0x00000018   Code   RO          215    i.fputc             usart.o
    0x080053d0   0x0000058c   Code   RO           12    i.main              test.o
    0x0800595c   0x00000004   Code   RO          811    i.read_addr         usmart.o
    0x08005960   0x000000b0   Code   RO          216    i.uart_init         usart.o
    0x08005a10   0x00000094   Code   RO          812    i.usmart_cmd_rec    usmart.o
    0x08005aa4   0x00000260   Code   RO          813    i.usmart_exe        usmart.o
    0x08005d04   0x000000a4   Code   RO          899    i.usmart_get_aparm  usmart_str.o
    0x08005da8   0x0000002e   Code   RO          900    i.usmart_get_cmdname  usmart_str.o
    0x08005dd6   0x00000002   PAD
    0x08005dd8   0x00000168   Code   RO          901    i.usmart_get_fname  usmart_str.o
    0x08005f40   0x000000d0   Code   RO          902    i.usmart_get_fparam  usmart_str.o
    0x08006010   0x00000024   Code   RO          903    i.usmart_get_parmpos  usmart_str.o
    0x08006034   0x00000030   Code   RO          814    i.usmart_get_runtime  usmart.o
    0x08006064   0x00000028   Code   RO          815    i.usmart_init       usmart.o
    0x0800608c   0x00000010   Code   RO          904    i.usmart_pow        usmart_str.o
    0x0800609c   0x0000002c   Code   RO          816    i.usmart_reset_runtime  usmart.o
    0x080060c8   0x000000a4   Code   RO          817    i.usmart_scan       usmart.o
    0x0800616c   0x00000010   Code   RO          905    i.usmart_search_nextc  usmart_str.o
    0x0800617c   0x000000d6   Code   RO          906    i.usmart_str2num    usmart_str.o
    0x08006252   0x00000018   Code   RO          907    i.usmart_strcmp     usmart_str.o
    0x0800626a   0x00000012   Code   RO          908    i.usmart_strcopy    usmart_str.o
    0x0800627c   0x00000012   Code   RO          909    i.usmart_strlen     usmart_str.o
    0x0800628e   0x00000002   PAD
    0x08006290   0x00000680   Code   RO          818    i.usmart_sys_cmd_exe  usmart.o
    0x08006910   0x00000004   Code   RO          819    i.write_addr        usmart.o
    0x08006914   0x0000005a   Code   RO         1037    x$fpl$dfixu         fz_ws.l(dfixu.o)
    0x0800696e   0x00000026   Code   RO         1041    x$fpl$dfltu         fz_ws.l(dflt_clz.o)
    0x08006994   0x00000154   Code   RO         1047    x$fpl$dmul          fz_ws.l(dmul.o)
    0x08006ae8   0x0000009c   Code   RO         1085    x$fpl$dnaninf       fz_ws.l(dnaninf.o)
    0x08006b84   0x0000000c   Code   RO         1087    x$fpl$dretinf       fz_ws.l(dretinf.o)
    0x08006b90   0x000000c4   Code   RO         1049    x$fpl$fadd          fz_ws.l(faddsub_clz.o)
    0x08006c54   0x0000000c   Code   RO         1089    x$fpl$fcheck1       fz_ws.l(fcheck1.o)
    0x08006c60   0x00000184   Code   RO         1056    x$fpl$fdiv          fz_ws.l(fdiv.o)
    0x08006de4   0x0000003e   Code   RO         1059    x$fpl$ffixu         fz_ws.l(ffixu.o)
    0x08006e22   0x00000002   PAD
    0x08006e24   0x00000026   Code   RO         1063    x$fpl$ffltu         fz_ws.l(fflt_clz.o)
    0x08006e4a   0x0000008c   Code   RO         1091    x$fpl$fnaninf       fz_ws.l(fnaninf.o)
    0x08006ed6   0x0000000a   Code   RO         1093    x$fpl$fretinf       fz_ws.l(fretinf.o)
    0x08006ee0   0x00000014   Code   RO         1050    x$fpl$frsb          fz_ws.l(faddsub_clz.o)
    0x08006ef4   0x000000ea   Code   RO         1051    x$fpl$fsub          fz_ws.l(faddsub_clz.o)
    0x08006fde   0x00000064   Code   RO         1117    x$fpl$retnan        fz_ws.l(retnan.o)
    0x08007042   0x0000004c   Code   RO         1069    x$fpl$scalbnf       fz_ws.l(scalbnf.o)
    0x0800708e   0x00000030   Code   RO         1129    x$fpl$trapveneer    fz_ws.l(trapv.o)
    0x080070be   0x00000000   Code   RO         1095    x$fpl$usenofp       fz_ws.l(usenofp.o)
    0x080070be   0x000017c0   Data   RO          299    .constdata          ili93xx.o
    0x0800887e   0x00000150   Data   RO          705    .constdata          ov7670.o
    0x080089ce   0x00000082   Data   RO          759    .constdata          ov7725.o
    0x08008a50   0x00000028   Data   RO          990    .constdata          c_w.l(_printf_hex_int.o)
    0x08008a78   0x00000011   Data   RO         1025    .constdata          c_w.l(__printf_flags_ss_wp.o)
    0x08008a89   0x00000003   PAD
    0x08008a8c   0x0000006a   Data   RO           13    .conststring        test.o
    0x08008af6   0x00000002   PAD
    0x08008af8   0x00000028   Data   RO          820    .conststring        usmart.o
    0x08008b20   0x0000016e   Data   RO          885    .conststring        usmart_config.o
    0x08008c8e   0x00000002   PAD
    0x08008c90   0x00000020   Data   RO         1253    Region$$Table       anon$$obj.o


    Execution Region RW_IRAM1 (Base: 0x20000000, Size: 0x000006f0, Max: 0x0000c000, ABSOLUTE, COMPRESSED[0x000000a4])

    Base Addr    Size         Type   Attr      Idx    E Section Name        Object

    0x20000000   0x00000034   Data   RW           14    .data               test.o
    0x20000034   0x00000004   Data   RW          110    .data               delay.o
    0x20000038   0x00000002   Data   RW          218    .data               usart.o
    0x2000003a   0x00000002   PAD
    0x2000003c   0x00000004   Data   RW          219    .data               usart.o
    0x20000040   0x00000004   Data   RW          300    .data               ili93xx.o
    0x20000044   0x00000001   Data   RW          470    .data               key.o
    0x20000045   0x00000001   Data   RW          494    .data               exti.o
    0x20000046   0x00000004   Data   RW          547    .data               tpad.o
    0x2000004a   0x00000004   Data   RW          596    .data               timer.o
    0x2000004e   0x00000002   PAD
    0x20000050   0x0000001c   Data   RW          821    .data               usmart.o
    0x2000006c   0x00000058   Data   RW          886    .data               usmart_config.o
    0x200000c4   0x000000f4   Data   RW          887    .data               usmart_config.o
    0x200001b8   0x000000c8   Zero   RW          217    .bss                usart.o
    0x20000280   0x0000000e   Zero   RW          298    .bss                ili93xx.o
    0x2000028e   0x00000002   PAD
    0x20000290   0x00000060   Zero   RW         1132    .bss                c_w.l(libspace.o)
    0x200002f0   0x00000000   Zero   RW            2    HEAP                startup_stm32f10x_hd.o
    0x200002f0   0x00000400   Zero   RW            1    STACK               startup_stm32f10x_hd.o


==============================================================================

Image component sizes


      Code (inc. data)   RO Data    RW Data    ZI Data      Debug   Object Name

       124         14          0          4          0       1603   delay.o
       344         70          0          1          0       3135   exti.o
     14264        192       6080          4         14      52561   ili93xx.o
       240         34          0          1          0       1146   key.o
        92         12          0          0          0        451   led.o
       754         38        336          0          0       4805   ov7670.o
      1114         76        130          0          0       6957   ov7725.o
       678         68          0          0          0       4635   sccb.o
        52         18        304          0       1024        804   startup_stm32f10x_hd.o
       450         62          0          0          0       3930   sys.o
      1928        388        106         52          0     211241   test.o
       276         54          0          4          0       2341   timer.o
       488         60          0          4          0       4115   tpad.o
       294         36          0          6        200       3920   usart.o
      2840       1352         40         28          0       7122   usmart.o
         0          0        366        332          0       1608   usmart_config.o
      1120         20          0          0          0       7679   usmart_str.o

    ----------------------------------------------------------------------
     25070       2494       7398        440       1240     318053   Object Totals
         0          0         32          0          0          0   (incl. Generated)
        12          0          4          4          2          0   (incl. Padding)

    ----------------------------------------------------------------------

      Code (inc. data)   RO Data    RW Data    ZI Data      Debug   Library Member Name

        90          0          0          0          0          0   __dczerorl2.o
         8          0          0          0          0         68   __main.o
       392          4         17          0          0         92   __printf_flags_ss_wp.o
        14          0          0          0          0         68   __printf_wp.o
         0          0          0          0          0          0   __rtentry.o
        12          0          0          0          0          0   __rtentry2.o
         6          0          0          0          0          0   __rtentry4.o
        52          8          0          0          0          0   __scatter.o
        28          0          0          0          0          0   __scatter_zi.o
         6          0          0          0          0          0   _printf_c.o
        44          0          0          0          0        108   _printf_char.o
        48          6          0          0          0         96   _printf_char_common.o
        36          4          0          0          0         80   _printf_char_file.o
         6          0          0          0          0          0   _printf_d.o
       120         16          0          0          0         92   _printf_dec.o
        88          4         40          0          0         88   _printf_hex_int.o
       178          0          0          0          0         88   _printf_intcommon.o
        78          0          0          0          0        108   _printf_pad.o
         0          0          0          0          0          0   _printf_percent.o
         4          0          0          0          0          0   _printf_percent_end.o
         6          0          0          0          0          0   _printf_s.o
        82          0          0          0          0         80   _printf_str.o
         6          0          0          0          0          0   _printf_u.o
         6          0          0          0          0          0   _printf_x.o
        10          0          0          0          0         68   _sputc.o
        12          0          0          0          0         72   exit.o
         8          0          0          0          0         68   ferror.o
         6          0          0          0          0        152   heapauxi.o
         2          0          0          0          0          0   libinit.o
         2          0          0          0          0          0   libinit2.o
         2          0          0          0          0          0   libshutdown.o
         2          0          0          0          0          0   libshutdown2.o
         8          4          0          0         96         68   libspace.o
        24          4          0          0          0         84   noretval__2printf.o
        40          6          0          0          0         84   noretval__2sprintf.o
         2          0          0          0          0          0   rtexit.o
        10          0          0          0          0          0   rtexit2.o
        74          0          0          0          0         80   sys_stackheap_outer.o
         2          0          0          0          0         68   use_no_semi.o
         2          0          0          0          0         68   use_no_semi_2.o
        90          4          0          0          0         92   dfixu.o
        38          0          0          0          0         68   dflt_clz.o
       340         12          0          0          0        104   dmul.o
       156          4          0          0          0         92   dnaninf.o
        12          0          0          0          0         68   dretinf.o
       450          8          0          0          0        236   faddsub_clz.o
        12          4          0          0          0         68   fcheck1.o
       388         76          0          0          0         96   fdiv.o
        62          4          0          0          0         84   ffixu.o
        38          0          0          0          0         68   fflt_clz.o
       140          4          0          0          0         84   fnaninf.o
        10          0          0          0          0         68   fretinf.o
       100          0          0          0          0         68   retnan.o
        76          0          0          0          0         68   scalbnf.o
        48          0          0          0          0         68   trapv.o
         0          0          0          0          0          0   usenofp.o

    ----------------------------------------------------------------------
      3488        172         60          0         96       3112   Library Totals
        12          0          3          0          0          0   (incl. Padding)

    ----------------------------------------------------------------------

      Code (inc. data)   RO Data    RW Data    ZI Data      Debug   Library Name

      1516         56         57          0         96       1780   c_w.l
      1960        116          0          0          0       1332   fz_ws.l

    ----------------------------------------------------------------------
      3488        172         60          0         96       3112   Library Totals

    ----------------------------------------------------------------------

==============================================================================


      Code (inc. data)   RO Data    RW Data    ZI Data      Debug   

     28558       2666       7458        440       1336     314765   Grand Totals
     28558       2666       7458        164       1336     314765   ELF Image Totals (compressed)
     28558       2666       7458        164          0          0   ROM Totals

==============================================================================

    Total RO  Size (Code + RO Data)                36016 (  35.17kB)
    Total RW  Size (RW Data + ZI Data)              1776 (   1.73kB)
    Total ROM Size (Code + RO Data + RW Data)      36180 (  35.33kB)

==============================================================================

